{"timestamp": 1766473029.051521, "seed_group": "0x039C76D", "username": "weak_password_user_1", "hash_mode": "sha256", "protection_flags": null, "result": "401 Invalid credentials", "latency_ms": 698.7182999946526}
{"timestamp": 1766473029.051521, "seed_group": "0x039C76D", "username": "weak_password_user_1", "hash_mode": "sha256", "protection_flags": null, "result": "401 Invalid credentials", "latency_ms": 635.6755000015255}
{"timestamp": 1766473029.051521, "seed_group": "0x039C76D", "username": "weak_password_user_1", "hash_mode": "sha256", "protection_flags": null, "result": "401 Invalid credentials", "latency_ms": 631.6814999954659}
{"timestamp": 1766473029.051521, "seed_group": "0x039C76D", "username": "weak_password_user_1", "hash_mode": "sha256", "protection_flags": null, "result": "401 Invalid credentials", "latency_ms": 634.6265000029234}
{"timestamp": 1766473029.051521, "seed_group": "0x039C76D", "username": "weak_password_user_1", "hash_mode": "sha256", "protection_flags": null, "result": "401 Invalid credentials", "latency_ms": 636.6596000007121}
{"timestamp": 1766473029.051521, "seed_group": "0x039C76D", "username": "weak_password_user_1", "hash_mode": "sha256", "protection_flags": null, "result": "401 Invalid credentials", "latency_ms": 628.3675000013318}
{"timestamp": 1766473029.051521, "seed_group": "0x039C76D", "username": "weak_password_user_1", "hash_mode": "sha256", "protection_flags": null, "result": "200 Login successful", "latency_ms": 651.6574999986915}
{"timestamp": 1766473029.051521, "seed_group": "0x039C76D", "username": "weak_password_user_2", "hash_mode": "sha256", "protection_flags": null, "result": "401 Invalid credentials", "latency_ms": 633.477600000333}
{"timestamp": 1766473029.051521, "seed_group": "0x039C76D", "username": "weak_password_user_2", "hash_mode": "sha256", "protection_flags": null, "result": "401 Invalid credentials", "latency_ms": 636.5105000004405}
{"timestamp": 1766473029.051521, "seed_group": "0x039C76D", "username": "weak_password_user_2", "hash_mode": "sha256", "protection_flags": null, "result": "401 Invalid credentials", "latency_ms": 627.2906000012881}
{"timestamp": 1766473029.051521, "seed_group": "0x039C76D", "username": "weak_password_user_2", "hash_mode": "sha256", "protection_flags": null, "result": "401 Invalid credentials", "latency_ms": 640.0999000034062}
{"timestamp": 1766473029.051521, "seed_group": "0x039C76D", "username": "weak_password_user_2", "hash_mode": "sha256", "protection_flags": null, "result": "401 Invalid credentials", "latency_ms": 630.5661000005784}
{"timestamp": 1766473029.051521, "seed_group": "0x039C76D", "username": "weak_password_user_2", "hash_mode": "sha256", "protection_flags": null, "result": "401 Invalid credentials", "latency_ms": 632.2400999997626}
{"timestamp": 1766473029.051521, "seed_group": "0x039C76D", "username": "weak_password_user_2", "hash_mode": "sha256", "protection_flags": null, "result": "401 Invalid credentials", "latency_ms": 626.7430999942007}
{"timestamp": 1766473029.051521, "seed_group": "0x039C76D", "username": "weak_password_user_2", "hash_mode": "sha256", "protection_flags": null, "result": "200 Login successful", "latency_ms": 629.5334000024013}
{"timestamp": 1766473029.051521, "seed_group": "0x039C76D", "username": "weak_password_user_3", "hash_mode": "sha256", "protection_flags": null, "result": "401 Invalid credentials", "latency_ms": 632.8116000004229}
{"timestamp": 1766473029.051521, "seed_group": "0x039C76D", "username": "weak_password_user_3", "hash_mode": "sha256", "protection_flags": null, "result": "401 Invalid credentials", "latency_ms": 672.8612000006251}
{"timestamp": 1766473029.051521, "seed_group": "0x039C76D", "username": "weak_password_user_3", "hash_mode": "sha256", "protection_flags": null, "result": "401 Invalid credentials", "latency_ms": 591.6948999947635}
{"timestamp": 1766473029.051521, "seed_group": "0x039C76D", "username": "weak_password_user_3", "hash_mode": "sha256", "protection_flags": null, "result": "401 Invalid credentials", "latency_ms": 583.0678999991505}
{"timestamp": 1766473029.051521, "seed_group": "0x039C76D", "username": "weak_password_user_3", "hash_mode": "sha256", "protection_flags": null, "result": "401 Invalid credentials", "latency_ms": 597.2899000043981}
{"timestamp": 1766473029.051521, "seed_group": "0x039C76D", "username": "weak_password_user_3", "hash_mode": "sha256", "protection_flags": null, "result": "401 Invalid credentials", "latency_ms": 585.6658000047901}
{"timestamp": 1766473029.051521, "seed_group": "0x039C76D", "username": "weak_password_user_3", "hash_mode": "sha256", "protection_flags": null, "result": "401 Invalid credentials", "latency_ms": 601.1586000022362}
{"timestamp": 1766473029.051521, "seed_group": "0x039C76D", "username": "weak_password_user_3", "hash_mode": "sha256", "protection_flags": null, "result": "401 Invalid credentials", "latency_ms": 577.4432999969576}
{"timestamp": 1766473029.051521, "seed_group": "0x039C76D", "username": "weak_password_user_3", "hash_mode": "sha256", "protection_flags": null, "result": "401 Invalid credentials", "latency_ms": 598.1459999966319}
{"timestamp": 1766473029.051521, "seed_group": "0x039C76D", "username": "weak_password_user_4", "hash_mode": "sha256", "protection_flags": null, "result": "401 Invalid credentials", "latency_ms": 578.6101999983657}
{"timestamp": 1766473029.051521, "seed_group": "0x039C76D", "username": "weak_password_user_4", "hash_mode": "sha256", "protection_flags": null, "result": "401 Invalid credentials", "latency_ms": 572.3496000064188}
{"timestamp": 1766473029.051521, "seed_group": "0x039C76D", "username": "weak_password_user_4", "hash_mode": "sha256", "protection_flags": null, "result": "401 Invalid credentials", "latency_ms": 591.5831999955117}
{"timestamp": 1766473029.051521, "seed_group": "0x039C76D", "username": "weak_password_user_4", "hash_mode": "sha256", "protection_flags": null, "result": "401 Invalid credentials", "latency_ms": 595.8489000040572}
{"timestamp": 1766473029.051521, "seed_group": "0x039C76D", "username": "weak_password_user_4", "hash_mode": "sha256", "protection_flags": null, "result": "401 Invalid credentials", "latency_ms": 584.3327000038698}
{"timestamp": 1766473029.051521, "seed_group": "0x039C76D", "username": "weak_password_user_4", "hash_mode": "sha256", "protection_flags": null, "result": "401 Invalid credentials", "latency_ms": 585.498499996902}
{"timestamp": 1766473029.051521, "seed_group": "0x039C76D", "username": "weak_password_user_4", "hash_mode": "sha256", "protection_flags": null, "result": "401 Invalid credentials", "latency_ms": 585.6726999991224}
{"timestamp": 1766473029.051521, "seed_group": "0x039C76D", "username": "weak_password_user_4", "hash_mode": "sha256", "protection_flags": null, "result": "401 Invalid credentials", "latency_ms": 601.0960999992676}
{"timestamp": 1766473029.051521, "seed_group": "0x039C76D", "username": "weak_password_user_4", "hash_mode": "sha256", "protection_flags": null, "result": "401 Invalid credentials", "latency_ms": 596.9965999975102}
{"timestamp": 1766473029.051521, "seed_group": "0x039C76D", "username": "weak_password_user_5", "hash_mode": "sha256", "protection_flags": null, "result": "401 Invalid credentials", "latency_ms": 576.5094000016688}
{"timestamp": 1766473029.051521, "seed_group": "0x039C76D", "username": "weak_password_user_5", "hash_mode": "sha256", "protection_flags": null, "result": "401 Invalid credentials", "latency_ms": 575.320299998566}
{"timestamp": 1766473029.051521, "seed_group": "0x039C76D", "username": "weak_password_user_5", "hash_mode": "sha256", "protection_flags": null, "result": "401 Invalid credentials", "latency_ms": 581.1805999983335}
{"timestamp": 1766473029.051521, "seed_group": "0x039C76D", "username": "weak_password_user_5", "hash_mode": "sha256", "protection_flags": null, "result": "401 Invalid credentials", "latency_ms": 576.7478999987361}
{"timestamp": 1766473029.051521, "seed_group": "0x039C76D", "username": "weak_password_user_5", "hash_mode": "sha256", "protection_flags": null, "result": "401 Invalid credentials", "latency_ms": 604.1954000029364}
{"timestamp": 1766473029.051521, "seed_group": "0x039C76D", "username": "weak_password_user_5", "hash_mode": "sha256", "protection_flags": null, "result": "401 Invalid credentials", "latency_ms": 595.4990000027465}
{"timestamp": 1766473029.051521, "seed_group": "0x039C76D", "username": "weak_password_user_5", "hash_mode": "sha256", "protection_flags": null, "result": "401 Invalid credentials", "latency_ms": 580.380299994431}
{"timestamp": 1766473029.051521, "seed_group": "0x039C76D", "username": "weak_password_user_5", "hash_mode": "sha256", "protection_flags": null, "result": "401 Invalid credentials", "latency_ms": 582.1196000033524}
{"timestamp": 1766473029.051521, "seed_group": "0x039C76D", "username": "weak_password_user_5", "hash_mode": "sha256", "protection_flags": null, "result": "401 Invalid credentials", "latency_ms": 589.7403999988455}
{"timestamp": 1766473029.051521, "seed_group": "0x039C76D", "username": "weak_password_user_6", "hash_mode": "sha256", "protection_flags": null, "result": "401 Invalid credentials", "latency_ms": 603.6718999966979}
{"timestamp": 1766473029.051521, "seed_group": "0x039C76D", "username": "weak_password_user_6", "hash_mode": "sha256", "protection_flags": null, "result": "401 Invalid credentials", "latency_ms": 591.9932999968296}
{"timestamp": 1766473029.051521, "seed_group": "0x039C76D", "username": "weak_password_user_6", "hash_mode": "sha256", "protection_flags": null, "result": "401 Invalid credentials", "latency_ms": 587.2593999956734}
{"timestamp": 1766473029.051521, "seed_group": "0x039C76D", "username": "weak_password_user_6", "hash_mode": "sha256", "protection_flags": null, "result": "401 Invalid credentials", "latency_ms": 613.780300001963}
{"timestamp": 1766473029.051521, "seed_group": "0x039C76D", "username": "weak_password_user_6", "hash_mode": "sha256", "protection_flags": null, "result": "401 Invalid credentials", "latency_ms": 582.3938000030466}
{"timestamp": 1766473029.051521, "seed_group": "0x039C76D", "username": "weak_password_user_6", "hash_mode": "sha256", "protection_flags": null, "result": "401 Invalid credentials", "latency_ms": 572.4222999997437}
{"timestamp": 1766473029.051521, "seed_group": "0x039C76D", "username": "weak_password_user_6", "hash_mode": "sha256", "protection_flags": null, "result": "401 Invalid credentials", "latency_ms": 608.905599998252}
{"timestamp": 1766473029.051521, "seed_group": "0x039C76D", "username": "weak_password_user_6", "hash_mode": "sha256", "protection_flags": null, "result": "401 Invalid credentials", "latency_ms": 582.7941000025021}
{"timestamp": 1766473029.051521, "seed_group": "0x039C76D", "username": "weak_password_user_6", "hash_mode": "sha256", "protection_flags": null, "result": "401 Invalid credentials", "latency_ms": 580.394199998409}
{"timestamp": 1766473029.051521, "seed_group": "0x039C76D", "username": "weak_password_user_7", "hash_mode": "sha256", "protection_flags": null, "result": "401 Invalid credentials", "latency_ms": 564.8507000005338}
{"timestamp": 1766473029.051521, "seed_group": "0x039C76D", "username": "weak_password_user_7", "hash_mode": "sha256", "protection_flags": null, "result": "401 Invalid credentials", "latency_ms": 576.3731999977608}
{"timestamp": 1766473029.051521, "seed_group": "0x039C76D", "username": "weak_password_user_7", "hash_mode": "sha256", "protection_flags": null, "result": "401 Invalid credentials", "latency_ms": 577.7960999985225}
{"timestamp": 1766473029.051521, "seed_group": "0x039C76D", "username": "weak_password_user_7", "hash_mode": "sha256", "protection_flags": null, "result": "401 Invalid credentials", "latency_ms": 586.284799996065}
{"timestamp": 1766473029.051521, "seed_group": "0x039C76D", "username": "weak_password_user_7", "hash_mode": "sha256", "protection_flags": null, "result": "401 Invalid credentials", "latency_ms": 593.1706000046688}
{"timestamp": 1766473029.051521, "seed_group": "0x039C76D", "username": "weak_password_user_7", "hash_mode": "sha256", "protection_flags": null, "result": "401 Invalid credentials", "latency_ms": 586.7695000051754}
{"timestamp": 1766473029.051521, "seed_group": "0x039C76D", "username": "weak_password_user_7", "hash_mode": "sha256", "protection_flags": null, "result": "401 Invalid credentials", "latency_ms": 581.3347000002977}
{"timestamp": 1766473029.051521, "seed_group": "0x039C76D", "username": "weak_password_user_7", "hash_mode": "sha256", "protection_flags": null, "result": "401 Invalid credentials", "latency_ms": 602.8306999942288}
{"timestamp": 1766473029.051521, "seed_group": "0x039C76D", "username": "weak_password_user_7", "hash_mode": "sha256", "protection_flags": null, "result": "200 Login successful", "latency_ms": 579.6793999979855}
{"timestamp": 1766473029.051521, "seed_group": "0x039C76D", "username": "weak_password_user_8", "hash_mode": "sha256", "protection_flags": null, "result": "401 Invalid credentials", "latency_ms": 578.242900002806}
{"timestamp": 1766473029.051521, "seed_group": "0x039C76D", "username": "weak_password_user_8", "hash_mode": "sha256", "protection_flags": null, "result": "401 Invalid credentials", "latency_ms": 571.0677999959444}
{"timestamp": 1766473029.051521, "seed_group": "0x039C76D", "username": "weak_password_user_8", "hash_mode": "sha256", "protection_flags": null, "result": "401 Invalid credentials", "latency_ms": 599.3951000054949}
{"timestamp": 1766473029.051521, "seed_group": "0x039C76D", "username": "weak_password_user_8", "hash_mode": "sha256", "protection_flags": null, "result": "401 Invalid credentials", "latency_ms": 599.8385999992024}
{"timestamp": 1766473029.051521, "seed_group": "0x039C76D", "username": "weak_password_user_8", "hash_mode": "sha256", "protection_flags": null, "result": "401 Invalid credentials", "latency_ms": 589.4795999993221}
{"timestamp": 1766473029.051521, "seed_group": "0x039C76D", "username": "weak_password_user_8", "hash_mode": "sha256", "protection_flags": null, "result": "401 Invalid credentials", "latency_ms": 597.7149999962421}
{"timestamp": 1766473029.051521, "seed_group": "0x039C76D", "username": "weak_password_user_8", "hash_mode": "sha256", "protection_flags": null, "result": "401 Invalid credentials", "latency_ms": 609.9627000003238}
{"timestamp": 1766473029.051521, "seed_group": "0x039C76D", "username": "weak_password_user_8", "hash_mode": "sha256", "protection_flags": null, "result": "401 Invalid credentials", "latency_ms": 620.9845000048517}
{"timestamp": 1766473029.051521, "seed_group": "0x039C76D", "username": "weak_password_user_8", "hash_mode": "sha256", "protection_flags": null, "result": "401 Invalid credentials", "latency_ms": 584.0064000003622}
{"timestamp": 1766473029.051521, "seed_group": "0x039C76D", "username": "weak_password_user_9", "hash_mode": "sha256", "protection_flags": null, "result": "401 Invalid credentials", "latency_ms": 587.1993999971892}
{"timestamp": 1766473029.051521, "seed_group": "0x039C76D", "username": "weak_password_user_9", "hash_mode": "sha256", "protection_flags": null, "result": "401 Invalid credentials", "latency_ms": 580.0229000014951}
{"timestamp": 1766473029.051521, "seed_group": "0x039C76D", "username": "weak_password_user_9", "hash_mode": "sha256", "protection_flags": null, "result": "401 Invalid credentials", "latency_ms": 581.3548999940394}
{"timestamp": 1766473029.051521, "seed_group": "0x039C76D", "username": "weak_password_user_9", "hash_mode": "sha256", "protection_flags": null, "result": "200 Login successful", "latency_ms": 582.3565999962739}
{"timestamp": 1766473029.051521, "seed_group": "0x039C76D", "username": "weak_password_user_10", "hash_mode": "sha256", "protection_flags": null, "result": "401 Invalid credentials", "latency_ms": 605.2474000025541}
{"timestamp": 1766473029.051521, "seed_group": "0x039C76D", "username": "weak_password_user_10", "hash_mode": "sha256", "protection_flags": null, "result": "401 Invalid credentials", "latency_ms": 580.2712999939104}
{"timestamp": 1766473029.051521, "seed_group": "0x039C76D", "username": "weak_password_user_10", "hash_mode": "sha256", "protection_flags": null, "result": "401 Invalid credentials", "latency_ms": 601.1552999989362}
{"timestamp": 1766473029.051521, "seed_group": "0x039C76D", "username": "weak_password_user_10", "hash_mode": "sha256", "protection_flags": null, "result": "401 Invalid credentials", "latency_ms": 580.3213999970467}
{"timestamp": 1766473029.051521, "seed_group": "0x039C76D", "username": "weak_password_user_10", "hash_mode": "sha256", "protection_flags": null, "result": "401 Invalid credentials", "latency_ms": 593.5845999993035}
{"timestamp": 1766473029.051521, "seed_group": "0x039C76D", "username": "weak_password_user_10", "hash_mode": "sha256", "protection_flags": null, "result": "401 Invalid credentials", "latency_ms": 587.883400003193}
{"timestamp": 1766473029.051521, "seed_group": "0x039C76D", "username": "weak_password_user_10", "hash_mode": "sha256", "protection_flags": null, "result": "401 Invalid credentials", "latency_ms": 610.768200000166}
{"timestamp": 1766473029.051521, "seed_group": "0x039C76D", "username": "weak_password_user_10", "hash_mode": "sha256", "protection_flags": null, "result": "401 Invalid credentials", "latency_ms": 586.6910000040662}
{"timestamp": 1766473029.051521, "seed_group": "0x039C76D", "username": "weak_password_user_10", "hash_mode": "sha256", "protection_flags": null, "result": "401 Invalid credentials", "latency_ms": 596.1796999981743}
{"timestamp": 1766473029.051521, "seed_group": "0x039C76D", "username": "medium_password_user_1", "hash_mode": "sha256", "protection_flags": null, "result": "401 Invalid credentials", "latency_ms": 597.6165000029141}
{"timestamp": 1766473029.051521, "seed_group": "0x039C76D", "username": "medium_password_user_1", "hash_mode": "sha256", "protection_flags": null, "result": "401 Invalid credentials", "latency_ms": 612.4114999984158}
{"timestamp": 1766473029.051521, "seed_group": "0x039C76D", "username": "medium_password_user_1", "hash_mode": "sha256", "protection_flags": null, "result": "401 Invalid credentials", "latency_ms": 594.5310999959474}
{"timestamp": 1766473029.051521, "seed_group": "0x039C76D", "username": "medium_password_user_1", "hash_mode": "sha256", "protection_flags": null, "result": "401 Invalid credentials", "latency_ms": 595.3611000004457}
{"timestamp": 1766473029.051521, "seed_group": "0x039C76D", "username": "medium_password_user_1", "hash_mode": "sha256", "protection_flags": null, "result": "401 Invalid credentials", "latency_ms": 584.4261000020197}
{"timestamp": 1766473029.051521, "seed_group": "0x039C76D", "username": "medium_password_user_1", "hash_mode": "sha256", "protection_flags": null, "result": "401 Invalid credentials", "latency_ms": 602.2239000012632}
{"timestamp": 1766473029.051521, "seed_group": "0x039C76D", "username": "medium_password_user_1", "hash_mode": "sha256", "protection_flags": null, "result": "401 Invalid credentials", "latency_ms": 583.9814999999362}
{"timestamp": 1766473029.051521, "seed_group": "0x039C76D", "username": "medium_password_user_1", "hash_mode": "sha256", "protection_flags": null, "result": "401 Invalid credentials", "latency_ms": 590.7053999981144}
{"timestamp": 1766473029.051521, "seed_group": "0x039C76D", "username": "medium_password_user_1", "hash_mode": "sha256", "protection_flags": null, "result": "401 Invalid credentials", "latency_ms": 598.73399999924}
{"timestamp": 1766473029.051521, "seed_group": "0x039C76D", "username": "medium_password_user_2", "hash_mode": "sha256", "protection_flags": null, "result": "401 Invalid credentials", "latency_ms": 591.9003000017256}
{"timestamp": 1766473029.051521, "seed_group": "0x039C76D", "username": "medium_password_user_2", "hash_mode": "sha256", "protection_flags": null, "result": "401 Invalid credentials", "latency_ms": 597.1445999966818}
{"timestamp": 1766473029.051521, "seed_group": "0x039C76D", "username": "medium_password_user_2", "hash_mode": "sha256", "protection_flags": null, "result": "401 Invalid credentials", "latency_ms": 594.260600002599}
{"timestamp": 1766473029.051521, "seed_group": "0x039C76D", "username": "medium_password_user_2", "hash_mode": "sha256", "protection_flags": null, "result": "401 Invalid credentials", "latency_ms": 591.3695999988704}
{"timestamp": 1766473029.051521, "seed_group": "0x039C76D", "username": "medium_password_user_2", "hash_mode": "sha256", "protection_flags": null, "result": "401 Invalid credentials", "latency_ms": 582.8898999970988}
{"timestamp": 1766473029.051521, "seed_group": "0x039C76D", "username": "medium_password_user_2", "hash_mode": "sha256", "protection_flags": null, "result": "401 Invalid credentials", "latency_ms": 609.2495000048075}
{"timestamp": 1766473029.051521, "seed_group": "0x039C76D", "username": "medium_password_user_2", "hash_mode": "sha256", "protection_flags": null, "result": "401 Invalid credentials", "latency_ms": 587.4766999986605}
{"timestamp": 1766473029.051521, "seed_group": "0x039C76D", "username": "medium_password_user_2", "hash_mode": "sha256", "protection_flags": null, "result": "401 Invalid credentials", "latency_ms": 611.0332000025664}
{"timestamp": 1766473029.051521, "seed_group": "0x039C76D", "username": "medium_password_user_2", "hash_mode": "sha256", "protection_flags": null, "result": "401 Invalid credentials", "latency_ms": 587.0553000058862}
{"timestamp": 1766473029.051521, "seed_group": "0x039C76D", "username": "medium_password_user_3", "hash_mode": "sha256", "protection_flags": null, "result": "401 Invalid credentials", "latency_ms": 598.9607000010437}
{"timestamp": 1766473029.051521, "seed_group": "0x039C76D", "username": "medium_password_user_3", "hash_mode": "sha256", "protection_flags": null, "result": "401 Invalid credentials", "latency_ms": 583.6247999977786}
{"timestamp": 1766473029.051521, "seed_group": "0x039C76D", "username": "medium_password_user_3", "hash_mode": "sha256", "protection_flags": null, "result": "401 Invalid credentials", "latency_ms": 590.098400003626}
{"timestamp": 1766473029.051521, "seed_group": "0x039C76D", "username": "medium_password_user_3", "hash_mode": "sha256", "protection_flags": null, "result": "401 Invalid credentials", "latency_ms": 593.551000005391}
{"timestamp": 1766473029.051521, "seed_group": "0x039C76D", "username": "medium_password_user_3", "hash_mode": "sha256", "protection_flags": null, "result": "401 Invalid credentials", "latency_ms": 598.1192999970517}
{"timestamp": 1766473029.051521, "seed_group": "0x039C76D", "username": "medium_password_user_3", "hash_mode": "sha256", "protection_flags": null, "result": "401 Invalid credentials", "latency_ms": 597.8392000033637}
{"timestamp": 1766473029.051521, "seed_group": "0x039C76D", "username": "medium_password_user_3", "hash_mode": "sha256", "protection_flags": null, "result": "401 Invalid credentials", "latency_ms": 589.097900003253}
{"timestamp": 1766473029.051521, "seed_group": "0x039C76D", "username": "medium_password_user_3", "hash_mode": "sha256", "protection_flags": null, "result": "401 Invalid credentials", "latency_ms": 608.5394999972777}
{"timestamp": 1766473029.051521, "seed_group": "0x039C76D", "username": "medium_password_user_3", "hash_mode": "sha256", "protection_flags": null, "result": "401 Invalid credentials", "latency_ms": 595.9213000023738}
{"timestamp": 1766473029.051521, "seed_group": "0x039C76D", "username": "medium_password_user_4", "hash_mode": "sha256", "protection_flags": null, "result": "401 Invalid credentials", "latency_ms": 589.9246000044513}
{"timestamp": 1766473029.051521, "seed_group": "0x039C76D", "username": "medium_password_user_4", "hash_mode": "sha256", "protection_flags": null, "result": "401 Invalid credentials", "latency_ms": 612.5939000048675}
{"timestamp": 1766473029.051521, "seed_group": "0x039C76D", "username": "medium_password_user_4", "hash_mode": "sha256", "protection_flags": null, "result": "401 Invalid credentials", "latency_ms": 606.7181000034907}
{"timestamp": 1766473029.051521, "seed_group": "0x039C76D", "username": "medium_password_user_4", "hash_mode": "sha256", "protection_flags": null, "result": "401 Invalid credentials", "latency_ms": 585.7876000009128}
{"timestamp": 1766473029.051521, "seed_group": "0x039C76D", "username": "medium_password_user_4", "hash_mode": "sha256", "protection_flags": null, "result": "401 Invalid credentials", "latency_ms": 584.643900001538}
{"timestamp": 1766473029.051521, "seed_group": "0x039C76D", "username": "medium_password_user_4", "hash_mode": "sha256", "protection_flags": null, "result": "401 Invalid credentials", "latency_ms": 595.1845999952639}
{"timestamp": 1766473029.051521, "seed_group": "0x039C76D", "username": "medium_password_user_4", "hash_mode": "sha256", "protection_flags": null, "result": "401 Invalid credentials", "latency_ms": 587.588100002904}
{"timestamp": 1766473029.051521, "seed_group": "0x039C76D", "username": "medium_password_user_4", "hash_mode": "sha256", "protection_flags": null, "result": "401 Invalid credentials", "latency_ms": 592.5552000044263}
{"timestamp": 1766473029.051521, "seed_group": "0x039C76D", "username": "medium_password_user_4", "hash_mode": "sha256", "protection_flags": null, "result": "401 Invalid credentials", "latency_ms": 586.4875000042957}
{"timestamp": 1766473029.051521, "seed_group": "0x039C76D", "username": "medium_password_user_5", "hash_mode": "sha256", "protection_flags": null, "result": "401 Invalid credentials", "latency_ms": 621.8100000041886}
{"timestamp": 1766473029.051521, "seed_group": "0x039C76D", "username": "medium_password_user_5", "hash_mode": "sha256", "protection_flags": null, "result": "401 Invalid credentials", "latency_ms": 599.0516999954707}
{"timestamp": 1766473029.051521, "seed_group": "0x039C76D", "username": "medium_password_user_5", "hash_mode": "sha256", "protection_flags": null, "result": "401 Invalid credentials", "latency_ms": 603.9005999991787}
{"timestamp": 1766473029.051521, "seed_group": "0x039C76D", "username": "medium_password_user_5", "hash_mode": "sha256", "protection_flags": null, "result": "401 Invalid credentials", "latency_ms": 583.6698999992223}
{"timestamp": 1766473029.051521, "seed_group": "0x039C76D", "username": "medium_password_user_5", "hash_mode": "sha256", "protection_flags": null, "result": "401 Invalid credentials", "latency_ms": 594.6174999990035}
{"timestamp": 1766473029.051521, "seed_group": "0x039C76D", "username": "medium_password_user_5", "hash_mode": "sha256", "protection_flags": null, "result": "401 Invalid credentials", "latency_ms": 601.6193000032217}
{"timestamp": 1766473029.051521, "seed_group": "0x039C76D", "username": "medium_password_user_5", "hash_mode": "sha256", "protection_flags": null, "result": "401 Invalid credentials", "latency_ms": 588.5998000012478}
{"timestamp": 1766473029.051521, "seed_group": "0x039C76D", "username": "medium_password_user_5", "hash_mode": "sha256", "protection_flags": null, "result": "401 Invalid credentials", "latency_ms": 622.0039000036195}
{"timestamp": 1766473029.051521, "seed_group": "0x039C76D", "username": "medium_password_user_5", "hash_mode": "sha256", "protection_flags": null, "result": "401 Invalid credentials", "latency_ms": 585.0961999967694}
{"timestamp": 1766473029.051521, "seed_group": "0x039C76D", "username": "medium_password_user_6", "hash_mode": "sha256", "protection_flags": null, "result": "401 Invalid credentials", "latency_ms": 614.5296000031522}
{"timestamp": 1766473029.051521, "seed_group": "0x039C76D", "username": "medium_password_user_6", "hash_mode": "sha256", "protection_flags": null, "result": "401 Invalid credentials", "latency_ms": 582.3189000002458}
{"timestamp": 1766473029.051521, "seed_group": "0x039C76D", "username": "medium_password_user_6", "hash_mode": "sha256", "protection_flags": null, "result": "401 Invalid credentials", "latency_ms": 608.6271999956807}
{"timestamp": 1766473029.051521, "seed_group": "0x039C76D", "username": "medium_password_user_6", "hash_mode": "sha256", "protection_flags": null, "result": "401 Invalid credentials", "latency_ms": 585.2103999932297}
{"timestamp": 1766473029.051521, "seed_group": "0x039C76D", "username": "medium_password_user_6", "hash_mode": "sha256", "protection_flags": null, "result": "401 Invalid credentials", "latency_ms": 582.9588999986299}
{"timestamp": 1766473029.051521, "seed_group": "0x039C76D", "username": "medium_password_user_6", "hash_mode": "sha256", "protection_flags": null, "result": "401 Invalid credentials", "latency_ms": 608.0823000011151}
{"timestamp": 1766473029.051521, "seed_group": "0x039C76D", "username": "medium_password_user_6", "hash_mode": "sha256", "protection_flags": null, "result": "401 Invalid credentials", "latency_ms": 604.863500004285}
{"timestamp": 1766473029.051521, "seed_group": "0x039C76D", "username": "medium_password_user_6", "hash_mode": "sha256", "protection_flags": null, "result": "401 Invalid credentials", "latency_ms": 571.6480999981286}
{"timestamp": 1766473029.051521, "seed_group": "0x039C76D", "username": "medium_password_user_6", "hash_mode": "sha256", "protection_flags": null, "result": "401 Invalid credentials", "latency_ms": 587.5421000018832}
{"timestamp": 1766473029.051521, "seed_group": "0x039C76D", "username": "medium_password_user_7", "hash_mode": "sha256", "protection_flags": null, "result": "401 Invalid credentials", "latency_ms": 584.4176000027801}
{"timestamp": 1766473029.051521, "seed_group": "0x039C76D", "username": "medium_password_user_7", "hash_mode": "sha256", "protection_flags": null, "result": "401 Invalid credentials", "latency_ms": 581.1257000023033}
{"timestamp": 1766473029.051521, "seed_group": "0x039C76D", "username": "medium_password_user_7", "hash_mode": "sha256", "protection_flags": null, "result": "401 Invalid credentials", "latency_ms": 595.6246999994619}
{"timestamp": 1766473029.051521, "seed_group": "0x039C76D", "username": "medium_password_user_7", "hash_mode": "sha256", "protection_flags": null, "result": "401 Invalid credentials", "latency_ms": 586.4423000020906}
{"timestamp": 1766473029.051521, "seed_group": "0x039C76D", "username": "medium_password_user_7", "hash_mode": "sha256", "protection_flags": null, "result": "401 Invalid credentials", "latency_ms": 581.545000000915}
{"timestamp": 1766473029.051521, "seed_group": "0x039C76D", "username": "medium_password_user_7", "hash_mode": "sha256", "protection_flags": null, "result": "401 Invalid credentials", "latency_ms": 579.0102000028128}
{"timestamp": 1766473029.051521, "seed_group": "0x039C76D", "username": "medium_password_user_7", "hash_mode": "sha256", "protection_flags": null, "result": "401 Invalid credentials", "latency_ms": 582.6204000040889}
{"timestamp": 1766473029.051521, "seed_group": "0x039C76D", "username": "medium_password_user_7", "hash_mode": "sha256", "protection_flags": null, "result": "401 Invalid credentials", "latency_ms": 603.0911999987438}
{"timestamp": 1766473029.051521, "seed_group": "0x039C76D", "username": "medium_password_user_7", "hash_mode": "sha256", "protection_flags": null, "result": "401 Invalid credentials", "latency_ms": 598.9822999981698}
{"timestamp": 1766473029.051521, "seed_group": "0x039C76D", "username": "medium_password_user_8", "hash_mode": "sha256", "protection_flags": null, "result": "401 Invalid credentials", "latency_ms": 597.6571999999578}
{"timestamp": 1766473029.051521, "seed_group": "0x039C76D", "username": "medium_password_user_8", "hash_mode": "sha256", "protection_flags": null, "result": "401 Invalid credentials", "latency_ms": 593.2552000012947}
{"timestamp": 1766473029.051521, "seed_group": "0x039C76D", "username": "medium_password_user_8", "hash_mode": "sha256", "protection_flags": null, "result": "401 Invalid credentials", "latency_ms": 604.9382999990485}
{"timestamp": 1766473029.051521, "seed_group": "0x039C76D", "username": "medium_password_user_8", "hash_mode": "sha256", "protection_flags": null, "result": "401 Invalid credentials", "latency_ms": 619.1924999948242}
{"timestamp": 1766473029.051521, "seed_group": "0x039C76D", "username": "medium_password_user_8", "hash_mode": "sha256", "protection_flags": null, "result": "401 Invalid credentials", "latency_ms": 590.9511999998358}
{"timestamp": 1766473029.051521, "seed_group": "0x039C76D", "username": "medium_password_user_8", "hash_mode": "sha256", "protection_flags": null, "result": "401 Invalid credentials", "latency_ms": 596.4679000026081}
{"timestamp": 1766473029.051521, "seed_group": "0x039C76D", "username": "medium_password_user_8", "hash_mode": "sha256", "protection_flags": null, "result": "401 Invalid credentials", "latency_ms": 601.7617000034079}
{"timestamp": 1766473029.051521, "seed_group": "0x039C76D", "username": "medium_password_user_8", "hash_mode": "sha256", "protection_flags": null, "result": "401 Invalid credentials", "latency_ms": 598.727600001439}
{"timestamp": 1766473029.051521, "seed_group": "0x039C76D", "username": "medium_password_user_8", "hash_mode": "sha256", "protection_flags": null, "result": "401 Invalid credentials", "latency_ms": 600.7241000042995}
{"timestamp": 1766473029.051521, "seed_group": "0x039C76D", "username": "medium_password_user_9", "hash_mode": "sha256", "protection_flags": null, "result": "401 Invalid credentials", "latency_ms": 591.6091999970376}
{"timestamp": 1766473029.051521, "seed_group": "0x039C76D", "username": "medium_password_user_9", "hash_mode": "sha256", "protection_flags": null, "result": "401 Invalid credentials", "latency_ms": 605.4918000008911}
{"timestamp": 1766473029.051521, "seed_group": "0x039C76D", "username": "medium_password_user_9", "hash_mode": "sha256", "protection_flags": null, "result": "401 Invalid credentials", "latency_ms": 576.5218000015011}
{"timestamp": 1766473029.051521, "seed_group": "0x039C76D", "username": "medium_password_user_9", "hash_mode": "sha256", "protection_flags": null, "result": "401 Invalid credentials", "latency_ms": 629.6558000030927}
{"timestamp": 1766473029.051521, "seed_group": "0x039C76D", "username": "medium_password_user_9", "hash_mode": "sha256", "protection_flags": null, "result": "401 Invalid credentials", "latency_ms": 587.2022999974433}
{"timestamp": 1766473029.051521, "seed_group": "0x039C76D", "username": "medium_password_user_9", "hash_mode": "sha256", "protection_flags": null, "result": "401 Invalid credentials", "latency_ms": 605.2225999956136}
{"timestamp": 1766473029.051521, "seed_group": "0x039C76D", "username": "medium_password_user_9", "hash_mode": "sha256", "protection_flags": null, "result": "401 Invalid credentials", "latency_ms": 601.0794000030728}
{"timestamp": 1766473029.051521, "seed_group": "0x039C76D", "username": "medium_password_user_9", "hash_mode": "sha256", "protection_flags": null, "result": "401 Invalid credentials", "latency_ms": 575.0962000020081}
{"timestamp": 1766473029.051521, "seed_group": "0x039C76D", "username": "medium_password_user_9", "hash_mode": "sha256", "protection_flags": null, "result": "401 Invalid credentials", "latency_ms": 578.8892000055057}
{"timestamp": 1766473029.051521, "seed_group": "0x039C76D", "username": "medium_password_user_10", "hash_mode": "sha256", "protection_flags": null, "result": "401 Invalid credentials", "latency_ms": 585.6510000012349}
{"timestamp": 1766473029.051521, "seed_group": "0x039C76D", "username": "medium_password_user_10", "hash_mode": "sha256", "protection_flags": null, "result": "401 Invalid credentials", "latency_ms": 585.2596999975503}
{"timestamp": 1766473029.051521, "seed_group": "0x039C76D", "username": "medium_password_user_10", "hash_mode": "sha256", "protection_flags": null, "result": "401 Invalid credentials", "latency_ms": 601.5238999971189}
{"timestamp": 1766473029.051521, "seed_group": "0x039C76D", "username": "medium_password_user_10", "hash_mode": "sha256", "protection_flags": null, "result": "401 Invalid credentials", "latency_ms": 590.9425999998348}
{"timestamp": 1766473029.051521, "seed_group": "0x039C76D", "username": "medium_password_user_10", "hash_mode": "sha256", "protection_flags": null, "result": "401 Invalid credentials", "latency_ms": 590.0472999928752}
{"timestamp": 1766473029.051521, "seed_group": "0x039C76D", "username": "medium_password_user_10", "hash_mode": "sha256", "protection_flags": null, "result": "401 Invalid credentials", "latency_ms": 599.7076999992714}
{"timestamp": 1766473029.051521, "seed_group": "0x039C76D", "username": "medium_password_user_10", "hash_mode": "sha256", "protection_flags": null, "result": "401 Invalid credentials", "latency_ms": 604.9267999987933}
{"timestamp": 1766473029.051521, "seed_group": "0x039C76D", "username": "medium_password_user_10", "hash_mode": "sha256", "protection_flags": null, "result": "401 Invalid credentials", "latency_ms": 620.8303999956115}
{"timestamp": 1766473029.051521, "seed_group": "0x039C76D", "username": "medium_password_user_10", "hash_mode": "sha256", "protection_flags": null, "result": "401 Invalid credentials", "latency_ms": 592.3053000005893}
{"timestamp": 1766473029.051521, "seed_group": "0x039C76D", "username": "strong_password_user_1", "hash_mode": "sha256", "protection_flags": null, "result": "401 Invalid credentials", "latency_ms": 612.8595999980462}
{"timestamp": 1766473029.051521, "seed_group": "0x039C76D", "username": "strong_password_user_1", "hash_mode": "sha256", "protection_flags": null, "result": "401 Invalid credentials", "latency_ms": 580.5904999942868}
{"timestamp": 1766473029.051521, "seed_group": "0x039C76D", "username": "strong_password_user_1", "hash_mode": "sha256", "protection_flags": null, "result": "401 Invalid credentials", "latency_ms": 583.9399999968009}
{"timestamp": 1766473029.051521, "seed_group": "0x039C76D", "username": "strong_password_user_1", "hash_mode": "sha256", "protection_flags": null, "result": "401 Invalid credentials", "latency_ms": 587.7540000001318}
{"timestamp": 1766473029.051521, "seed_group": "0x039C76D", "username": "strong_password_user_1", "hash_mode": "sha256", "protection_flags": null, "result": "401 Invalid credentials", "latency_ms": 578.2557999991695}
{"timestamp": 1766473029.051521, "seed_group": "0x039C76D", "username": "strong_password_user_1", "hash_mode": "sha256", "protection_flags": null, "result": "401 Invalid credentials", "latency_ms": 601.2943999958225}
{"timestamp": 1766473029.051521, "seed_group": "0x039C76D", "username": "strong_password_user_1", "hash_mode": "sha256", "protection_flags": null, "result": "401 Invalid credentials", "latency_ms": 586.8153999981587}
{"timestamp": 1766473029.051521, "seed_group": "0x039C76D", "username": "strong_password_user_1", "hash_mode": "sha256", "protection_flags": null, "result": "401 Invalid credentials", "latency_ms": 601.4296999928774}
{"timestamp": 1766473029.051521, "seed_group": "0x039C76D", "username": "strong_password_user_1", "hash_mode": "sha256", "protection_flags": null, "result": "401 Invalid credentials", "latency_ms": 603.0755999963731}
{"timestamp": 1766473029.051521, "seed_group": "0x039C76D", "username": "strong_password_user_2", "hash_mode": "sha256", "protection_flags": null, "result": "401 Invalid credentials", "latency_ms": 611.1411000019871}
{"timestamp": 1766473029.051521, "seed_group": "0x039C76D", "username": "strong_password_user_2", "hash_mode": "sha256", "protection_flags": null, "result": "401 Invalid credentials", "latency_ms": 570.9813000066788}
{"timestamp": 1766473029.051521, "seed_group": "0x039C76D", "username": "strong_password_user_2", "hash_mode": "sha256", "protection_flags": null, "result": "401 Invalid credentials", "latency_ms": 582.6614999969024}
{"timestamp": 1766473029.051521, "seed_group": "0x039C76D", "username": "strong_password_user_2", "hash_mode": "sha256", "protection_flags": null, "result": "401 Invalid credentials", "latency_ms": 582.5939999995171}
{"timestamp": 1766473029.051521, "seed_group": "0x039C76D", "username": "strong_password_user_2", "hash_mode": "sha256", "protection_flags": null, "result": "401 Invalid credentials", "latency_ms": 592.7139999985229}
{"timestamp": 1766473029.051521, "seed_group": "0x039C76D", "username": "strong_password_user_2", "hash_mode": "sha256", "protection_flags": null, "result": "401 Invalid credentials", "latency_ms": 589.0722999974969}
{"timestamp": 1766473029.051521, "seed_group": "0x039C76D", "username": "strong_password_user_2", "hash_mode": "sha256", "protection_flags": null, "result": "401 Invalid credentials", "latency_ms": 604.6567999947001}
{"timestamp": 1766473029.051521, "seed_group": "0x039C76D", "username": "strong_password_user_2", "hash_mode": "sha256", "protection_flags": null, "result": "401 Invalid credentials", "latency_ms": 606.3936999998987}
{"timestamp": 1766473029.051521, "seed_group": "0x039C76D", "username": "strong_password_user_2", "hash_mode": "sha256", "protection_flags": null, "result": "401 Invalid credentials", "latency_ms": 605.9749000050942}
{"timestamp": 1766473029.051521, "seed_group": "0x039C76D", "username": "strong_password_user_3", "hash_mode": "sha256", "protection_flags": null, "result": "401 Invalid credentials", "latency_ms": 601.2002999996184}
{"timestamp": 1766473029.051521, "seed_group": "0x039C76D", "username": "strong_password_user_3", "hash_mode": "sha256", "protection_flags": null, "result": "401 Invalid credentials", "latency_ms": 592.7787000036915}
{"timestamp": 1766473029.051521, "seed_group": "0x039C76D", "username": "strong_password_user_3", "hash_mode": "sha256", "protection_flags": null, "result": "401 Invalid credentials", "latency_ms": 588.8297999990755}
{"timestamp": 1766473029.051521, "seed_group": "0x039C76D", "username": "strong_password_user_3", "hash_mode": "sha256", "protection_flags": null, "result": "401 Invalid credentials", "latency_ms": 604.524099995615}
{"timestamp": 1766473029.051521, "seed_group": "0x039C76D", "username": "strong_password_user_3", "hash_mode": "sha256", "protection_flags": null, "result": "401 Invalid credentials", "latency_ms": 589.745799996308}
{"timestamp": 1766473029.051521, "seed_group": "0x039C76D", "username": "strong_password_user_3", "hash_mode": "sha256", "protection_flags": null, "result": "401 Invalid credentials", "latency_ms": 604.2464999991353}
{"timestamp": 1766473029.051521, "seed_group": "0x039C76D", "username": "strong_password_user_3", "hash_mode": "sha256", "protection_flags": null, "result": "401 Invalid credentials", "latency_ms": 608.4633999998914}
{"timestamp": 1766473029.051521, "seed_group": "0x039C76D", "username": "strong_password_user_3", "hash_mode": "sha256", "protection_flags": null, "result": "401 Invalid credentials", "latency_ms": 590.1124000010896}
{"timestamp": 1766473029.051521, "seed_group": "0x039C76D", "username": "strong_password_user_3", "hash_mode": "sha256", "protection_flags": null, "result": "401 Invalid credentials", "latency_ms": 580.3813000020455}
{"timestamp": 1766473029.051521, "seed_group": "0x039C76D", "username": "strong_password_user_4", "hash_mode": "sha256", "protection_flags": null, "result": "401 Invalid credentials", "latency_ms": 592.8834000005736}
{"timestamp": 1766473029.051521, "seed_group": "0x039C76D", "username": "strong_password_user_4", "hash_mode": "sha256", "protection_flags": null, "result": "401 Invalid credentials", "latency_ms": 587.5627999994322}
{"timestamp": 1766473029.051521, "seed_group": "0x039C76D", "username": "strong_password_user_4", "hash_mode": "sha256", "protection_flags": null, "result": "401 Invalid credentials", "latency_ms": 582.7600000047823}
{"timestamp": 1766473029.051521, "seed_group": "0x039C76D", "username": "strong_password_user_4", "hash_mode": "sha256", "protection_flags": null, "result": "401 Invalid credentials", "latency_ms": 605.8947999990778}
{"timestamp": 1766473029.051521, "seed_group": "0x039C76D", "username": "strong_password_user_4", "hash_mode": "sha256", "protection_flags": null, "result": "401 Invalid credentials", "latency_ms": 614.8573000027682}
{"timestamp": 1766473029.051521, "seed_group": "0x039C76D", "username": "strong_password_user_4", "hash_mode": "sha256", "protection_flags": null, "result": "401 Invalid credentials", "latency_ms": 606.4541000014287}
{"timestamp": 1766473029.051521, "seed_group": "0x039C76D", "username": "strong_password_user_4", "hash_mode": "sha256", "protection_flags": null, "result": "401 Invalid credentials", "latency_ms": 586.4834999956656}
{"timestamp": 1766473029.051521, "seed_group": "0x039C76D", "username": "strong_password_user_4", "hash_mode": "sha256", "protection_flags": null, "result": "401 Invalid credentials", "latency_ms": 583.5087000014028}
{"timestamp": 1766473029.051521, "seed_group": "0x039C76D", "username": "strong_password_user_4", "hash_mode": "sha256", "protection_flags": null, "result": "401 Invalid credentials", "latency_ms": 604.5883999977377}
{"timestamp": 1766473029.051521, "seed_group": "0x039C76D", "username": "strong_password_user_5", "hash_mode": "sha256", "protection_flags": null, "result": "401 Invalid credentials", "latency_ms": 610.5437999940477}
{"timestamp": 1766473029.051521, "seed_group": "0x039C76D", "username": "strong_password_user_5", "hash_mode": "sha256", "protection_flags": null, "result": "401 Invalid credentials", "latency_ms": 581.3361000036821}
{"timestamp": 1766473029.051521, "seed_group": "0x039C76D", "username": "strong_password_user_5", "hash_mode": "sha256", "protection_flags": null, "result": "401 Invalid credentials", "latency_ms": 597.0130000059726}
{"timestamp": 1766473029.051521, "seed_group": "0x039C76D", "username": "strong_password_user_5", "hash_mode": "sha256", "protection_flags": null, "result": "401 Invalid credentials", "latency_ms": 593.1599999967148}
{"timestamp": 1766473029.051521, "seed_group": "0x039C76D", "username": "strong_password_user_5", "hash_mode": "sha256", "protection_flags": null, "result": "401 Invalid credentials", "latency_ms": 596.1647000003722}
{"timestamp": 1766473029.051521, "seed_group": "0x039C76D", "username": "strong_password_user_5", "hash_mode": "sha256", "protection_flags": null, "result": "401 Invalid credentials", "latency_ms": 607.6851999969222}
{"timestamp": 1766473029.051521, "seed_group": "0x039C76D", "username": "strong_password_user_5", "hash_mode": "sha256", "protection_flags": null, "result": "401 Invalid credentials", "latency_ms": 595.7645000016782}
{"timestamp": 1766473029.051521, "seed_group": "0x039C76D", "username": "strong_password_user_5", "hash_mode": "sha256", "protection_flags": null, "result": "401 Invalid credentials", "latency_ms": 592.0248000038555}
{"timestamp": 1766473029.051521, "seed_group": "0x039C76D", "username": "strong_password_user_5", "hash_mode": "sha256", "protection_flags": null, "result": "401 Invalid credentials", "latency_ms": 591.7735999973956}
{"timestamp": 1766473029.051521, "seed_group": "0x039C76D", "username": "strong_password_user_6", "hash_mode": "sha256", "protection_flags": null, "result": "401 Invalid credentials", "latency_ms": 603.4868999995524}
{"timestamp": 1766473029.051521, "seed_group": "0x039C76D", "username": "strong_password_user_6", "hash_mode": "sha256", "protection_flags": null, "result": "401 Invalid credentials", "latency_ms": 609.3495000022813}
{"timestamp": 1766473029.051521, "seed_group": "0x039C76D", "username": "strong_password_user_6", "hash_mode": "sha256", "protection_flags": null, "result": "401 Invalid credentials", "latency_ms": 569.9674999996205}
{"timestamp": 1766473029.051521, "seed_group": "0x039C76D", "username": "strong_password_user_6", "hash_mode": "sha256", "protection_flags": null, "result": "401 Invalid credentials", "latency_ms": 601.2319000001298}
{"timestamp": 1766473029.051521, "seed_group": "0x039C76D", "username": "strong_password_user_6", "hash_mode": "sha256", "protection_flags": null, "result": "401 Invalid credentials", "latency_ms": 577.9320000001462}
{"timestamp": 1766473029.051521, "seed_group": "0x039C76D", "username": "strong_password_user_6", "hash_mode": "sha256", "protection_flags": null, "result": "401 Invalid credentials", "latency_ms": 597.1661000003223}
{"timestamp": 1766473029.051521, "seed_group": "0x039C76D", "username": "strong_password_user_6", "hash_mode": "sha256", "protection_flags": null, "result": "401 Invalid credentials", "latency_ms": 606.7316999979084}
{"timestamp": 1766473029.051521, "seed_group": "0x039C76D", "username": "strong_password_user_6", "hash_mode": "sha256", "protection_flags": null, "result": "401 Invalid credentials", "latency_ms": 611.8213000008836}
{"timestamp": 1766473029.051521, "seed_group": "0x039C76D", "username": "strong_password_user_6", "hash_mode": "sha256", "protection_flags": null, "result": "401 Invalid credentials", "latency_ms": 600.7465000002412}
{"timestamp": 1766473029.051521, "seed_group": "0x039C76D", "username": "strong_password_user_7", "hash_mode": "sha256", "protection_flags": null, "result": "401 Invalid credentials", "latency_ms": 582.1264000041992}
{"timestamp": 1766473029.051521, "seed_group": "0x039C76D", "username": "strong_password_user_7", "hash_mode": "sha256", "protection_flags": null, "result": "401 Invalid credentials", "latency_ms": 607.0857999948203}
{"timestamp": 1766473029.051521, "seed_group": "0x039C76D", "username": "strong_password_user_7", "hash_mode": "sha256", "protection_flags": null, "result": "401 Invalid credentials", "latency_ms": 618.3736000020872}
{"timestamp": 1766473029.051521, "seed_group": "0x039C76D", "username": "strong_password_user_7", "hash_mode": "sha256", "protection_flags": null, "result": "401 Invalid credentials", "latency_ms": 609.3545999974594}
{"timestamp": 1766473029.051521, "seed_group": "0x039C76D", "username": "strong_password_user_7", "hash_mode": "sha256", "protection_flags": null, "result": "401 Invalid credentials", "latency_ms": 593.0590999996639}
{"timestamp": 1766473029.051521, "seed_group": "0x039C76D", "username": "strong_password_user_7", "hash_mode": "sha256", "protection_flags": null, "result": "401 Invalid credentials", "latency_ms": 596.6143999976339}
{"timestamp": 1766473029.051521, "seed_group": "0x039C76D", "username": "strong_password_user_7", "hash_mode": "sha256", "protection_flags": null, "result": "401 Invalid credentials", "latency_ms": 568.0517000000691}
{"timestamp": 1766473029.051521, "seed_group": "0x039C76D", "username": "strong_password_user_7", "hash_mode": "sha256", "protection_flags": null, "result": "401 Invalid credentials", "latency_ms": 582.1594999943045}
{"timestamp": 1766473029.051521, "seed_group": "0x039C76D", "username": "strong_password_user_7", "hash_mode": "sha256", "protection_flags": null, "result": "401 Invalid credentials", "latency_ms": 610.208900005091}
{"timestamp": 1766473029.051521, "seed_group": "0x039C76D", "username": "strong_password_user_8", "hash_mode": "sha256", "protection_flags": null, "result": "401 Invalid credentials", "latency_ms": 605.2542000034009}
{"timestamp": 1766473029.051521, "seed_group": "0x039C76D", "username": "strong_password_user_8", "hash_mode": "sha256", "protection_flags": null, "result": "401 Invalid credentials", "latency_ms": 590.0861999980407}
{"timestamp": 1766473029.051521, "seed_group": "0x039C76D", "username": "strong_password_user_8", "hash_mode": "sha256", "protection_flags": null, "result": "401 Invalid credentials", "latency_ms": 595.6290000031004}
{"timestamp": 1766473029.051521, "seed_group": "0x039C76D", "username": "strong_password_user_8", "hash_mode": "sha256", "protection_flags": null, "result": "401 Invalid credentials", "latency_ms": 579.49440000084}
{"timestamp": 1766473029.051521, "seed_group": "0x039C76D", "username": "strong_password_user_8", "hash_mode": "sha256", "protection_flags": null, "result": "401 Invalid credentials", "latency_ms": 594.7376000040094}
{"timestamp": 1766473029.051521, "seed_group": "0x039C76D", "username": "strong_password_user_8", "hash_mode": "sha256", "protection_flags": null, "result": "401 Invalid credentials", "latency_ms": 588.0484000008437}
{"timestamp": 1766473029.051521, "seed_group": "0x039C76D", "username": "strong_password_user_8", "hash_mode": "sha256", "protection_flags": null, "result": "401 Invalid credentials", "latency_ms": 598.4854999987874}
{"timestamp": 1766473029.051521, "seed_group": "0x039C76D", "username": "strong_password_user_8", "hash_mode": "sha256", "protection_flags": null, "result": "401 Invalid credentials", "latency_ms": 603.4061999962432}
{"timestamp": 1766473029.051521, "seed_group": "0x039C76D", "username": "strong_password_user_8", "hash_mode": "sha256", "protection_flags": null, "result": "401 Invalid credentials", "latency_ms": 582.4310999960289}
{"timestamp": 1766473029.051521, "seed_group": "0x039C76D", "username": "strong_password_user_9", "hash_mode": "sha256", "protection_flags": null, "result": "401 Invalid credentials", "latency_ms": 605.7569999975385}
{"timestamp": 1766473029.051521, "seed_group": "0x039C76D", "username": "strong_password_user_9", "hash_mode": "sha256", "protection_flags": null, "result": "401 Invalid credentials", "latency_ms": 582.6506999947014}
{"timestamp": 1766473029.051521, "seed_group": "0x039C76D", "username": "strong_password_user_9", "hash_mode": "sha256", "protection_flags": null, "result": "401 Invalid credentials", "latency_ms": 589.9629000050481}
{"timestamp": 1766473029.051521, "seed_group": "0x039C76D", "username": "strong_password_user_9", "hash_mode": "sha256", "protection_flags": null, "result": "401 Invalid credentials", "latency_ms": 584.8162999973283}
{"timestamp": 1766473029.051521, "seed_group": "0x039C76D", "username": "strong_password_user_9", "hash_mode": "sha256", "protection_flags": null, "result": "401 Invalid credentials", "latency_ms": 584.8095999972429}
{"timestamp": 1766473029.051521, "seed_group": "0x039C76D", "username": "strong_password_user_9", "hash_mode": "sha256", "protection_flags": null, "result": "401 Invalid credentials", "latency_ms": 619.1619000019273}
{"timestamp": 1766473029.051521, "seed_group": "0x039C76D", "username": "strong_password_user_9", "hash_mode": "sha256", "protection_flags": null, "result": "401 Invalid credentials", "latency_ms": 600.0604000000749}
{"timestamp": 1766473029.051521, "seed_group": "0x039C76D", "username": "strong_password_user_9", "hash_mode": "sha256", "protection_flags": null, "result": "401 Invalid credentials", "latency_ms": 599.2863999999827}
{"timestamp": 1766473029.051521, "seed_group": "0x039C76D", "username": "strong_password_user_9", "hash_mode": "sha256", "protection_flags": null, "result": "401 Invalid credentials", "latency_ms": 586.0246000011102}
{"timestamp": 1766473029.051521, "seed_group": "0x039C76D", "username": "strong_password_user_10", "hash_mode": "sha256", "protection_flags": null, "result": "401 Invalid credentials", "latency_ms": 771.3367999967886}
{"timestamp": 1766473029.051521, "seed_group": "0x039C76D", "username": "strong_password_user_10", "hash_mode": "sha256", "protection_flags": null, "result": "401 Invalid credentials", "latency_ms": 595.0634999971953}
{"timestamp": 1766473029.051521, "seed_group": "0x039C76D", "username": "strong_password_user_10", "hash_mode": "sha256", "protection_flags": null, "result": "401 Invalid credentials", "latency_ms": 579.0722000019741}
{"timestamp": 1766473029.051521, "seed_group": "0x039C76D", "username": "strong_password_user_10", "hash_mode": "sha256", "protection_flags": null, "result": "401 Invalid credentials", "latency_ms": 588.9510999986669}
{"timestamp": 1766473029.051521, "seed_group": "0x039C76D", "username": "strong_password_user_10", "hash_mode": "sha256", "protection_flags": null, "result": "401 Invalid credentials", "latency_ms": 592.8365999934613}
{"timestamp": 1766473029.051521, "seed_group": "0x039C76D", "username": "strong_password_user_10", "hash_mode": "sha256", "protection_flags": null, "result": "401 Invalid credentials", "latency_ms": 584.0430999960518}
{"timestamp": 1766473029.051521, "seed_group": "0x039C76D", "username": "strong_password_user_10", "hash_mode": "sha256", "protection_flags": null, "result": "401 Invalid credentials", "latency_ms": 598.894200003997}
{"timestamp": 1766473029.051521, "seed_group": "0x039C76D", "username": "strong_password_user_10", "hash_mode": "sha256", "protection_flags": null, "result": "401 Invalid credentials", "latency_ms": 601.7413000008673}
{"timestamp": 1766473029.051521, "seed_group": "0x039C76D", "username": "strong_password_user_10", "hash_mode": "sha256", "protection_flags": null, "result": "401 Invalid credentials", "latency_ms": 585.4652999987593}
