{"timestamp": 1766472680.0868585, "seed_group": "0x039C76D", "username": "weak_password_user_1", "hash_mode": "argon2id", "protection_flags": null, "result": "401 Invalid credentials", "latency_ms": 695.4559000005247}
{"timestamp": 1766472680.0868585, "seed_group": "0x039C76D", "username": "weak_password_user_1", "hash_mode": "argon2id", "protection_flags": null, "result": "401 Invalid credentials", "latency_ms": 772.7649000007659}
{"timestamp": 1766472680.0868585, "seed_group": "0x039C76D", "username": "weak_password_user_1", "hash_mode": "argon2id", "protection_flags": null, "result": "401 Invalid credentials", "latency_ms": 641.0529999993742}
{"timestamp": 1766472680.0868585, "seed_group": "0x039C76D", "username": "weak_password_user_1", "hash_mode": "argon2id", "protection_flags": null, "result": "401 Invalid credentials", "latency_ms": 640.1670999985072}
{"timestamp": 1766472680.0868585, "seed_group": "0x039C76D", "username": "weak_password_user_1", "hash_mode": "argon2id", "protection_flags": null, "result": "401 Invalid credentials", "latency_ms": 625.2399000004516}
{"timestamp": 1766472680.0868585, "seed_group": "0x039C76D", "username": "weak_password_user_1", "hash_mode": "argon2id", "protection_flags": null, "result": "401 Invalid credentials", "latency_ms": 628.6035999946762}
{"timestamp": 1766472680.0868585, "seed_group": "0x039C76D", "username": "weak_password_user_1", "hash_mode": "argon2id", "protection_flags": null, "result": "200 Login successful", "latency_ms": 630.2748999951291}
{"timestamp": 1766472680.0868585, "seed_group": "0x039C76D", "username": "weak_password_user_2", "hash_mode": "argon2id", "protection_flags": null, "result": "401 Invalid credentials", "latency_ms": 633.2765000042855}
{"timestamp": 1766472680.0868585, "seed_group": "0x039C76D", "username": "weak_password_user_2", "hash_mode": "argon2id", "protection_flags": null, "result": "401 Invalid credentials", "latency_ms": 651.6370999961509}
{"timestamp": 1766472680.0868585, "seed_group": "0x039C76D", "username": "weak_password_user_2", "hash_mode": "argon2id", "protection_flags": null, "result": "401 Invalid credentials", "latency_ms": 644.7221000053105}
{"timestamp": 1766472680.0868585, "seed_group": "0x039C76D", "username": "weak_password_user_2", "hash_mode": "argon2id", "protection_flags": null, "result": "401 Invalid credentials", "latency_ms": 629.2047000024468}
{"timestamp": 1766472680.0868585, "seed_group": "0x039C76D", "username": "weak_password_user_2", "hash_mode": "argon2id", "protection_flags": null, "result": "401 Invalid credentials", "latency_ms": 642.4688000042806}
{"timestamp": 1766472680.0868585, "seed_group": "0x039C76D", "username": "weak_password_user_2", "hash_mode": "argon2id", "protection_flags": null, "result": "401 Invalid credentials", "latency_ms": 570.1677999968524}
{"timestamp": 1766472680.0868585, "seed_group": "0x039C76D", "username": "weak_password_user_2", "hash_mode": "argon2id", "protection_flags": null, "result": "401 Invalid credentials", "latency_ms": 567.5016000022879}
{"timestamp": 1766472680.0868585, "seed_group": "0x039C76D", "username": "weak_password_user_2", "hash_mode": "argon2id", "protection_flags": null, "result": "200 Login successful", "latency_ms": 575.481600004423}
{"timestamp": 1766472680.0868585, "seed_group": "0x039C76D", "username": "weak_password_user_3", "hash_mode": "argon2id", "protection_flags": null, "result": "401 Invalid credentials", "latency_ms": 573.7708000015118}
{"timestamp": 1766472680.0868585, "seed_group": "0x039C76D", "username": "weak_password_user_3", "hash_mode": "argon2id", "protection_flags": null, "result": "401 Invalid credentials", "latency_ms": 592.0537999991211}
{"timestamp": 1766472680.0868585, "seed_group": "0x039C76D", "username": "weak_password_user_3", "hash_mode": "argon2id", "protection_flags": null, "result": "401 Invalid credentials", "latency_ms": 567.8016000019852}
{"timestamp": 1766472680.0868585, "seed_group": "0x039C76D", "username": "weak_password_user_3", "hash_mode": "argon2id", "protection_flags": null, "result": "401 Invalid credentials", "latency_ms": 581.779899999674}
{"timestamp": 1766472680.0868585, "seed_group": "0x039C76D", "username": "weak_password_user_3", "hash_mode": "argon2id", "protection_flags": null, "result": "401 Invalid credentials", "latency_ms": 584.0590000007069}
{"timestamp": 1766472680.0868585, "seed_group": "0x039C76D", "username": "weak_password_user_3", "hash_mode": "argon2id", "protection_flags": null, "result": "401 Invalid credentials", "latency_ms": 573.6851999972714}
{"timestamp": 1766472680.0868585, "seed_group": "0x039C76D", "username": "weak_password_user_3", "hash_mode": "argon2id", "protection_flags": null, "result": "401 Invalid credentials", "latency_ms": 581.6262000007555}
{"timestamp": 1766472680.0868585, "seed_group": "0x039C76D", "username": "weak_password_user_3", "hash_mode": "argon2id", "protection_flags": null, "result": "401 Invalid credentials", "latency_ms": 605.0065000017639}
{"timestamp": 1766472680.0868585, "seed_group": "0x039C76D", "username": "weak_password_user_3", "hash_mode": "argon2id", "protection_flags": null, "result": "401 Invalid credentials", "latency_ms": 572.8669000018272}
{"timestamp": 1766472680.0868585, "seed_group": "0x039C76D", "username": "weak_password_user_4", "hash_mode": "argon2id", "protection_flags": null, "result": "401 Invalid credentials", "latency_ms": 577.0494000025792}
{"timestamp": 1766472680.0868585, "seed_group": "0x039C76D", "username": "weak_password_user_4", "hash_mode": "argon2id", "protection_flags": null, "result": "401 Invalid credentials", "latency_ms": 580.1362000056542}
{"timestamp": 1766472680.0868585, "seed_group": "0x039C76D", "username": "weak_password_user_4", "hash_mode": "argon2id", "protection_flags": null, "result": "401 Invalid credentials", "latency_ms": 571.7080999966129}
{"timestamp": 1766472680.0868585, "seed_group": "0x039C76D", "username": "weak_password_user_4", "hash_mode": "argon2id", "protection_flags": null, "result": "401 Invalid credentials", "latency_ms": 578.1223999947542}
{"timestamp": 1766472680.0868585, "seed_group": "0x039C76D", "username": "weak_password_user_4", "hash_mode": "argon2id", "protection_flags": null, "result": "401 Invalid credentials", "latency_ms": 590.4454999981681}
{"timestamp": 1766472680.0868585, "seed_group": "0x039C76D", "username": "weak_password_user_4", "hash_mode": "argon2id", "protection_flags": null, "result": "401 Invalid credentials", "latency_ms": 576.0318000029656}
{"timestamp": 1766472680.0868585, "seed_group": "0x039C76D", "username": "weak_password_user_4", "hash_mode": "argon2id", "protection_flags": null, "result": "401 Invalid credentials", "latency_ms": 596.9454000005499}
{"timestamp": 1766472680.0868585, "seed_group": "0x039C76D", "username": "weak_password_user_4", "hash_mode": "argon2id", "protection_flags": null, "result": "401 Invalid credentials", "latency_ms": 583.8518999953521}
{"timestamp": 1766472680.0868585, "seed_group": "0x039C76D", "username": "weak_password_user_4", "hash_mode": "argon2id", "protection_flags": null, "result": "401 Invalid credentials", "latency_ms": 586.2017000035848}
{"timestamp": 1766472680.0868585, "seed_group": "0x039C76D", "username": "weak_password_user_5", "hash_mode": "argon2id", "protection_flags": null, "result": "401 Invalid credentials", "latency_ms": 586.8766999992658}
{"timestamp": 1766472680.0868585, "seed_group": "0x039C76D", "username": "weak_password_user_5", "hash_mode": "argon2id", "protection_flags": null, "result": "401 Invalid credentials", "latency_ms": 581.4198000007309}
{"timestamp": 1766472680.0868585, "seed_group": "0x039C76D", "username": "weak_password_user_5", "hash_mode": "argon2id", "protection_flags": null, "result": "401 Invalid credentials", "latency_ms": 575.7000999947195}
{"timestamp": 1766472680.0868585, "seed_group": "0x039C76D", "username": "weak_password_user_5", "hash_mode": "argon2id", "protection_flags": null, "result": "401 Invalid credentials", "latency_ms": 619.6647999968263}
{"timestamp": 1766472680.0868585, "seed_group": "0x039C76D", "username": "weak_password_user_5", "hash_mode": "argon2id", "protection_flags": null, "result": "401 Invalid credentials", "latency_ms": 583.3780999964802}
{"timestamp": 1766472680.0868585, "seed_group": "0x039C76D", "username": "weak_password_user_5", "hash_mode": "argon2id", "protection_flags": null, "result": "401 Invalid credentials", "latency_ms": 592.3086999973748}
{"timestamp": 1766472680.0868585, "seed_group": "0x039C76D", "username": "weak_password_user_5", "hash_mode": "argon2id", "protection_flags": null, "result": "401 Invalid credentials", "latency_ms": 617.6408000028459}
{"timestamp": 1766472680.0868585, "seed_group": "0x039C76D", "username": "weak_password_user_5", "hash_mode": "argon2id", "protection_flags": null, "result": "401 Invalid credentials", "latency_ms": 594.9270000055549}
{"timestamp": 1766472680.0868585, "seed_group": "0x039C76D", "username": "weak_password_user_5", "hash_mode": "argon2id", "protection_flags": null, "result": "401 Invalid credentials", "latency_ms": 600.9478999985731}
{"timestamp": 1766472680.0868585, "seed_group": "0x039C76D", "username": "weak_password_user_6", "hash_mode": "argon2id", "protection_flags": null, "result": "401 Invalid credentials", "latency_ms": 616.6869000007864}
{"timestamp": 1766472680.0868585, "seed_group": "0x039C76D", "username": "weak_password_user_6", "hash_mode": "argon2id", "protection_flags": null, "result": "401 Invalid credentials", "latency_ms": 599.3998999983887}
{"timestamp": 1766472680.0868585, "seed_group": "0x039C76D", "username": "weak_password_user_6", "hash_mode": "argon2id", "protection_flags": null, "result": "401 Invalid credentials", "latency_ms": 580.0914999999804}
{"timestamp": 1766472680.0868585, "seed_group": "0x039C76D", "username": "weak_password_user_6", "hash_mode": "argon2id", "protection_flags": null, "result": "401 Invalid credentials", "latency_ms": 597.2983999963617}
{"timestamp": 1766472680.0868585, "seed_group": "0x039C76D", "username": "weak_password_user_6", "hash_mode": "argon2id", "protection_flags": null, "result": "401 Invalid credentials", "latency_ms": 599.9577999973553}
{"timestamp": 1766472680.0868585, "seed_group": "0x039C76D", "username": "weak_password_user_6", "hash_mode": "argon2id", "protection_flags": null, "result": "401 Invalid credentials", "latency_ms": 609.1429999942193}
{"timestamp": 1766472680.0868585, "seed_group": "0x039C76D", "username": "weak_password_user_6", "hash_mode": "argon2id", "protection_flags": null, "result": "401 Invalid credentials", "latency_ms": 616.840399998182}
{"timestamp": 1766472680.0868585, "seed_group": "0x039C76D", "username": "weak_password_user_6", "hash_mode": "argon2id", "protection_flags": null, "result": "401 Invalid credentials", "latency_ms": 570.0581000055536}
{"timestamp": 1766472680.0868585, "seed_group": "0x039C76D", "username": "weak_password_user_6", "hash_mode": "argon2id", "protection_flags": null, "result": "401 Invalid credentials", "latency_ms": 578.6638999998104}
{"timestamp": 1766472680.0868585, "seed_group": "0x039C76D", "username": "weak_password_user_7", "hash_mode": "argon2id", "protection_flags": null, "result": "401 Invalid credentials", "latency_ms": 608.9305999994394}
{"timestamp": 1766472680.0868585, "seed_group": "0x039C76D", "username": "weak_password_user_7", "hash_mode": "argon2id", "protection_flags": null, "result": "401 Invalid credentials", "latency_ms": 598.287300002994}
{"timestamp": 1766472680.0868585, "seed_group": "0x039C76D", "username": "weak_password_user_7", "hash_mode": "argon2id", "protection_flags": null, "result": "401 Invalid credentials", "latency_ms": 603.9219000012963}
{"timestamp": 1766472680.0868585, "seed_group": "0x039C76D", "username": "weak_password_user_7", "hash_mode": "argon2id", "protection_flags": null, "result": "401 Invalid credentials", "latency_ms": 596.5003000019351}
{"timestamp": 1766472680.0868585, "seed_group": "0x039C76D", "username": "weak_password_user_7", "hash_mode": "argon2id", "protection_flags": null, "result": "401 Invalid credentials", "latency_ms": 581.1193000045023}
{"timestamp": 1766472680.0868585, "seed_group": "0x039C76D", "username": "weak_password_user_7", "hash_mode": "argon2id", "protection_flags": null, "result": "401 Invalid credentials", "latency_ms": 601.2373999983538}
{"timestamp": 1766472680.0868585, "seed_group": "0x039C76D", "username": "weak_password_user_7", "hash_mode": "argon2id", "protection_flags": null, "result": "401 Invalid credentials", "latency_ms": 600.8696999997483}
{"timestamp": 1766472680.0868585, "seed_group": "0x039C76D", "username": "weak_password_user_7", "hash_mode": "argon2id", "protection_flags": null, "result": "401 Invalid credentials", "latency_ms": 583.3725999982562}
{"timestamp": 1766472680.0868585, "seed_group": "0x039C76D", "username": "weak_password_user_7", "hash_mode": "argon2id", "protection_flags": null, "result": "200 Login successful", "latency_ms": 577.0090000005439}
{"timestamp": 1766472680.0868585, "seed_group": "0x039C76D", "username": "weak_password_user_8", "hash_mode": "argon2id", "protection_flags": null, "result": "401 Invalid credentials", "latency_ms": 598.5022000022582}
{"timestamp": 1766472680.0868585, "seed_group": "0x039C76D", "username": "weak_password_user_8", "hash_mode": "argon2id", "protection_flags": null, "result": "401 Invalid credentials", "latency_ms": 597.6306000011391}
{"timestamp": 1766472680.0868585, "seed_group": "0x039C76D", "username": "weak_password_user_8", "hash_mode": "argon2id", "protection_flags": null, "result": "401 Invalid credentials", "latency_ms": 592.9954000021098}
{"timestamp": 1766472680.0868585, "seed_group": "0x039C76D", "username": "weak_password_user_8", "hash_mode": "argon2id", "protection_flags": null, "result": "401 Invalid credentials", "latency_ms": 593.6058000006597}
{"timestamp": 1766472680.0868585, "seed_group": "0x039C76D", "username": "weak_password_user_8", "hash_mode": "argon2id", "protection_flags": null, "result": "401 Invalid credentials", "latency_ms": 574.1022000001976}
{"timestamp": 1766472680.0868585, "seed_group": "0x039C76D", "username": "weak_password_user_8", "hash_mode": "argon2id", "protection_flags": null, "result": "401 Invalid credentials", "latency_ms": 615.7323000006727}
{"timestamp": 1766472680.0868585, "seed_group": "0x039C76D", "username": "weak_password_user_8", "hash_mode": "argon2id", "protection_flags": null, "result": "401 Invalid credentials", "latency_ms": 580.8336000045529}
{"timestamp": 1766472680.0868585, "seed_group": "0x039C76D", "username": "weak_password_user_8", "hash_mode": "argon2id", "protection_flags": null, "result": "401 Invalid credentials", "latency_ms": 597.7992000043741}
{"timestamp": 1766472680.0868585, "seed_group": "0x039C76D", "username": "weak_password_user_8", "hash_mode": "argon2id", "protection_flags": null, "result": "401 Invalid credentials", "latency_ms": 608.1756999992649}
{"timestamp": 1766472680.0868585, "seed_group": "0x039C76D", "username": "weak_password_user_9", "hash_mode": "argon2id", "protection_flags": null, "result": "401 Invalid credentials", "latency_ms": 579.105000004347}
{"timestamp": 1766472680.0868585, "seed_group": "0x039C76D", "username": "weak_password_user_9", "hash_mode": "argon2id", "protection_flags": null, "result": "401 Invalid credentials", "latency_ms": 574.124299993855}
{"timestamp": 1766472680.0868585, "seed_group": "0x039C76D", "username": "weak_password_user_9", "hash_mode": "argon2id", "protection_flags": null, "result": "401 Invalid credentials", "latency_ms": 576.4424000008148}
{"timestamp": 1766472680.0868585, "seed_group": "0x039C76D", "username": "weak_password_user_9", "hash_mode": "argon2id", "protection_flags": null, "result": "200 Login successful", "latency_ms": 600.4604999980074}
{"timestamp": 1766472680.0868585, "seed_group": "0x039C76D", "username": "weak_password_user_10", "hash_mode": "argon2id", "protection_flags": null, "result": "401 Invalid credentials", "latency_ms": 578.486200000043}
{"timestamp": 1766472680.0868585, "seed_group": "0x039C76D", "username": "weak_password_user_10", "hash_mode": "argon2id", "protection_flags": null, "result": "401 Invalid credentials", "latency_ms": 604.69379999995}
{"timestamp": 1766472680.0868585, "seed_group": "0x039C76D", "username": "weak_password_user_10", "hash_mode": "argon2id", "protection_flags": null, "result": "401 Invalid credentials", "latency_ms": 585.2445999989868}
{"timestamp": 1766472680.0868585, "seed_group": "0x039C76D", "username": "weak_password_user_10", "hash_mode": "argon2id", "protection_flags": null, "result": "401 Invalid credentials", "latency_ms": 586.0583999965456}
{"timestamp": 1766472680.0868585, "seed_group": "0x039C76D", "username": "weak_password_user_10", "hash_mode": "argon2id", "protection_flags": null, "result": "401 Invalid credentials", "latency_ms": 577.1391000016592}
{"timestamp": 1766472680.0868585, "seed_group": "0x039C76D", "username": "weak_password_user_10", "hash_mode": "argon2id", "protection_flags": null, "result": "401 Invalid credentials", "latency_ms": 581.7508999971324}
{"timestamp": 1766472680.0868585, "seed_group": "0x039C76D", "username": "weak_password_user_10", "hash_mode": "argon2id", "protection_flags": null, "result": "401 Invalid credentials", "latency_ms": 603.7551000044914}
{"timestamp": 1766472680.0868585, "seed_group": "0x039C76D", "username": "weak_password_user_10", "hash_mode": "argon2id", "protection_flags": null, "result": "401 Invalid credentials", "latency_ms": 607.5966999997036}
{"timestamp": 1766472680.0868585, "seed_group": "0x039C76D", "username": "weak_password_user_10", "hash_mode": "argon2id", "protection_flags": null, "result": "401 Invalid credentials", "latency_ms": 588.116800005082}
{"timestamp": 1766472680.0868585, "seed_group": "0x039C76D", "username": "medium_password_user_1", "hash_mode": "argon2id", "protection_flags": null, "result": "401 Invalid credentials", "latency_ms": 588.3165999985067}
{"timestamp": 1766472680.0868585, "seed_group": "0x039C76D", "username": "medium_password_user_1", "hash_mode": "argon2id", "protection_flags": null, "result": "401 Invalid credentials", "latency_ms": 587.0894999970915}
{"timestamp": 1766472680.0868585, "seed_group": "0x039C76D", "username": "medium_password_user_1", "hash_mode": "argon2id", "protection_flags": null, "result": "401 Invalid credentials", "latency_ms": 580.0394999969285}
{"timestamp": 1766472680.0868585, "seed_group": "0x039C76D", "username": "medium_password_user_1", "hash_mode": "argon2id", "protection_flags": null, "result": "401 Invalid credentials", "latency_ms": 576.0578000044916}
{"timestamp": 1766472680.0868585, "seed_group": "0x039C76D", "username": "medium_password_user_1", "hash_mode": "argon2id", "protection_flags": null, "result": "401 Invalid credentials", "latency_ms": 582.3619000002509}
{"timestamp": 1766472680.0868585, "seed_group": "0x039C76D", "username": "medium_password_user_1", "hash_mode": "argon2id", "protection_flags": null, "result": "401 Invalid credentials", "latency_ms": 578.9127000025474}
{"timestamp": 1766472680.0868585, "seed_group": "0x039C76D", "username": "medium_password_user_1", "hash_mode": "argon2id", "protection_flags": null, "result": "401 Invalid credentials", "latency_ms": 572.8654000049573}
{"timestamp": 1766472680.0868585, "seed_group": "0x039C76D", "username": "medium_password_user_1", "hash_mode": "argon2id", "protection_flags": null, "result": "401 Invalid credentials", "latency_ms": 577.4457000006805}
{"timestamp": 1766472680.0868585, "seed_group": "0x039C76D", "username": "medium_password_user_1", "hash_mode": "argon2id", "protection_flags": null, "result": "401 Invalid credentials", "latency_ms": 582.0137999980943}
{"timestamp": 1766472680.0868585, "seed_group": "0x039C76D", "username": "medium_password_user_2", "hash_mode": "argon2id", "protection_flags": null, "result": "401 Invalid credentials", "latency_ms": 574.8479999965639}
{"timestamp": 1766472680.0868585, "seed_group": "0x039C76D", "username": "medium_password_user_2", "hash_mode": "argon2id", "protection_flags": null, "result": "401 Invalid credentials", "latency_ms": 578.8276000021142}
{"timestamp": 1766472680.0868585, "seed_group": "0x039C76D", "username": "medium_password_user_2", "hash_mode": "argon2id", "protection_flags": null, "result": "401 Invalid credentials", "latency_ms": 600.851999995939}
{"timestamp": 1766472680.0868585, "seed_group": "0x039C76D", "username": "medium_password_user_2", "hash_mode": "argon2id", "protection_flags": null, "result": "401 Invalid credentials", "latency_ms": 581.0039999996661}
{"timestamp": 1766472680.0868585, "seed_group": "0x039C76D", "username": "medium_password_user_2", "hash_mode": "argon2id", "protection_flags": null, "result": "401 Invalid credentials", "latency_ms": 598.8099999958649}
{"timestamp": 1766472680.0868585, "seed_group": "0x039C76D", "username": "medium_password_user_2", "hash_mode": "argon2id", "protection_flags": null, "result": "401 Invalid credentials", "latency_ms": 579.1702000060468}
{"timestamp": 1766472680.0868585, "seed_group": "0x039C76D", "username": "medium_password_user_2", "hash_mode": "argon2id", "protection_flags": null, "result": "401 Invalid credentials", "latency_ms": 604.5262999978149}
{"timestamp": 1766472680.0868585, "seed_group": "0x039C76D", "username": "medium_password_user_2", "hash_mode": "argon2id", "protection_flags": null, "result": "401 Invalid credentials", "latency_ms": 601.9587000046158}
{"timestamp": 1766472680.0868585, "seed_group": "0x039C76D", "username": "medium_password_user_2", "hash_mode": "argon2id", "protection_flags": null, "result": "401 Invalid credentials", "latency_ms": 582.2645000007469}
{"timestamp": 1766472680.0868585, "seed_group": "0x039C76D", "username": "medium_password_user_3", "hash_mode": "argon2id", "protection_flags": null, "result": "401 Invalid credentials", "latency_ms": 573.1554999947548}
{"timestamp": 1766472680.0868585, "seed_group": "0x039C76D", "username": "medium_password_user_3", "hash_mode": "argon2id", "protection_flags": null, "result": "401 Invalid credentials", "latency_ms": 578.1495999981416}
{"timestamp": 1766472680.0868585, "seed_group": "0x039C76D", "username": "medium_password_user_3", "hash_mode": "argon2id", "protection_flags": null, "result": "401 Invalid credentials", "latency_ms": 577.5510000021313}
{"timestamp": 1766472680.0868585, "seed_group": "0x039C76D", "username": "medium_password_user_3", "hash_mode": "argon2id", "protection_flags": null, "result": "401 Invalid credentials", "latency_ms": 584.9486000006436}
{"timestamp": 1766472680.0868585, "seed_group": "0x039C76D", "username": "medium_password_user_3", "hash_mode": "argon2id", "protection_flags": null, "result": "401 Invalid credentials", "latency_ms": 596.2117000017315}
{"timestamp": 1766472680.0868585, "seed_group": "0x039C76D", "username": "medium_password_user_3", "hash_mode": "argon2id", "protection_flags": null, "result": "401 Invalid credentials", "latency_ms": 764.6839000008185}
{"timestamp": 1766472680.0868585, "seed_group": "0x039C76D", "username": "medium_password_user_3", "hash_mode": "argon2id", "protection_flags": null, "result": "401 Invalid credentials", "latency_ms": 582.4170000050799}
{"timestamp": 1766472680.0868585, "seed_group": "0x039C76D", "username": "medium_password_user_3", "hash_mode": "argon2id", "protection_flags": null, "result": "401 Invalid credentials", "latency_ms": 576.9187999976566}
{"timestamp": 1766472680.0868585, "seed_group": "0x039C76D", "username": "medium_password_user_3", "hash_mode": "argon2id", "protection_flags": null, "result": "401 Invalid credentials", "latency_ms": 589.2364000028465}
{"timestamp": 1766472680.0868585, "seed_group": "0x039C76D", "username": "medium_password_user_4", "hash_mode": "argon2id", "protection_flags": null, "result": "401 Invalid credentials", "latency_ms": 594.3364000049769}
{"timestamp": 1766472680.0868585, "seed_group": "0x039C76D", "username": "medium_password_user_4", "hash_mode": "argon2id", "protection_flags": null, "result": "401 Invalid credentials", "latency_ms": 573.4771999996156}
{"timestamp": 1766472680.0868585, "seed_group": "0x039C76D", "username": "medium_password_user_4", "hash_mode": "argon2id", "protection_flags": null, "result": "401 Invalid credentials", "latency_ms": 584.4185999958427}
{"timestamp": 1766472680.0868585, "seed_group": "0x039C76D", "username": "medium_password_user_4", "hash_mode": "argon2id", "protection_flags": null, "result": "401 Invalid credentials", "latency_ms": 575.2015999969444}
{"timestamp": 1766472680.0868585, "seed_group": "0x039C76D", "username": "medium_password_user_4", "hash_mode": "argon2id", "protection_flags": null, "result": "401 Invalid credentials", "latency_ms": 591.6202000007615}
{"timestamp": 1766472680.0868585, "seed_group": "0x039C76D", "username": "medium_password_user_4", "hash_mode": "argon2id", "protection_flags": null, "result": "401 Invalid credentials", "latency_ms": 590.0643999993918}
{"timestamp": 1766472680.0868585, "seed_group": "0x039C76D", "username": "medium_password_user_4", "hash_mode": "argon2id", "protection_flags": null, "result": "401 Invalid credentials", "latency_ms": 607.9847000000882}
{"timestamp": 1766472680.0868585, "seed_group": "0x039C76D", "username": "medium_password_user_4", "hash_mode": "argon2id", "protection_flags": null, "result": "401 Invalid credentials", "latency_ms": 612.9946000000928}
{"timestamp": 1766472680.0868585, "seed_group": "0x039C76D", "username": "medium_password_user_4", "hash_mode": "argon2id", "protection_flags": null, "result": "401 Invalid credentials", "latency_ms": 586.3249000030919}
{"timestamp": 1766472680.0868585, "seed_group": "0x039C76D", "username": "medium_password_user_5", "hash_mode": "argon2id", "protection_flags": null, "result": "401 Invalid credentials", "latency_ms": 611.7980999988504}
{"timestamp": 1766472680.0868585, "seed_group": "0x039C76D", "username": "medium_password_user_5", "hash_mode": "argon2id", "protection_flags": null, "result": "401 Invalid credentials", "latency_ms": 618.9815000034287}
{"timestamp": 1766472680.0868585, "seed_group": "0x039C76D", "username": "medium_password_user_5", "hash_mode": "argon2id", "protection_flags": null, "result": "401 Invalid credentials", "latency_ms": 596.2178999980097}
{"timestamp": 1766472680.0868585, "seed_group": "0x039C76D", "username": "medium_password_user_5", "hash_mode": "argon2id", "protection_flags": null, "result": "401 Invalid credentials", "latency_ms": 595.5611000026693}
{"timestamp": 1766472680.0868585, "seed_group": "0x039C76D", "username": "medium_password_user_5", "hash_mode": "argon2id", "protection_flags": null, "result": "401 Invalid credentials", "latency_ms": 605.5653000003076}
{"timestamp": 1766472680.0868585, "seed_group": "0x039C76D", "username": "medium_password_user_5", "hash_mode": "argon2id", "protection_flags": null, "result": "401 Invalid credentials", "latency_ms": 598.7554000021191}
{"timestamp": 1766472680.0868585, "seed_group": "0x039C76D", "username": "medium_password_user_5", "hash_mode": "argon2id", "protection_flags": null, "result": "401 Invalid credentials", "latency_ms": 610.6055999989621}
{"timestamp": 1766472680.0868585, "seed_group": "0x039C76D", "username": "medium_password_user_5", "hash_mode": "argon2id", "protection_flags": null, "result": "401 Invalid credentials", "latency_ms": 582.0032999981777}
{"timestamp": 1766472680.0868585, "seed_group": "0x039C76D", "username": "medium_password_user_5", "hash_mode": "argon2id", "protection_flags": null, "result": "401 Invalid credentials", "latency_ms": 576.7807000011089}
{"timestamp": 1766472680.0868585, "seed_group": "0x039C76D", "username": "medium_password_user_6", "hash_mode": "argon2id", "protection_flags": null, "result": "401 Invalid credentials", "latency_ms": 572.6156999953673}
{"timestamp": 1766472680.0868585, "seed_group": "0x039C76D", "username": "medium_password_user_6", "hash_mode": "argon2id", "protection_flags": null, "result": "401 Invalid credentials", "latency_ms": 578.6672999965958}
{"timestamp": 1766472680.0868585, "seed_group": "0x039C76D", "username": "medium_password_user_6", "hash_mode": "argon2id", "protection_flags": null, "result": "401 Invalid credentials", "latency_ms": 580.4213999945205}
{"timestamp": 1766472680.0868585, "seed_group": "0x039C76D", "username": "medium_password_user_6", "hash_mode": "argon2id", "protection_flags": null, "result": "401 Invalid credentials", "latency_ms": 601.373200006492}
{"timestamp": 1766472680.0868585, "seed_group": "0x039C76D", "username": "medium_password_user_6", "hash_mode": "argon2id", "protection_flags": null, "result": "401 Invalid credentials", "latency_ms": 586.2254000021494}
{"timestamp": 1766472680.0868585, "seed_group": "0x039C76D", "username": "medium_password_user_6", "hash_mode": "argon2id", "protection_flags": null, "result": "401 Invalid credentials", "latency_ms": 578.6005999980262}
{"timestamp": 1766472680.0868585, "seed_group": "0x039C76D", "username": "medium_password_user_6", "hash_mode": "argon2id", "protection_flags": null, "result": "401 Invalid credentials", "latency_ms": 658.2223000004888}
{"timestamp": 1766472680.0868585, "seed_group": "0x039C76D", "username": "medium_password_user_6", "hash_mode": "argon2id", "protection_flags": null, "result": "401 Invalid credentials", "latency_ms": 580.8267000029446}
{"timestamp": 1766472680.0868585, "seed_group": "0x039C76D", "username": "medium_password_user_6", "hash_mode": "argon2id", "protection_flags": null, "result": "401 Invalid credentials", "latency_ms": 576.6588999977103}
{"timestamp": 1766472680.0868585, "seed_group": "0x039C76D", "username": "medium_password_user_7", "hash_mode": "argon2id", "protection_flags": null, "result": "401 Invalid credentials", "latency_ms": 581.8290999959572}
{"timestamp": 1766472680.0868585, "seed_group": "0x039C76D", "username": "medium_password_user_7", "hash_mode": "argon2id", "protection_flags": null, "result": "401 Invalid credentials", "latency_ms": 586.9193999969866}
{"timestamp": 1766472680.0868585, "seed_group": "0x039C76D", "username": "medium_password_user_7", "hash_mode": "argon2id", "protection_flags": null, "result": "401 Invalid credentials", "latency_ms": 604.1668999969261}
{"timestamp": 1766472680.0868585, "seed_group": "0x039C76D", "username": "medium_password_user_7", "hash_mode": "argon2id", "protection_flags": null, "result": "401 Invalid credentials", "latency_ms": 581.9415000005392}
{"timestamp": 1766472680.0868585, "seed_group": "0x039C76D", "username": "medium_password_user_7", "hash_mode": "argon2id", "protection_flags": null, "result": "401 Invalid credentials", "latency_ms": 587.4525999970501}
{"timestamp": 1766472680.0868585, "seed_group": "0x039C76D", "username": "medium_password_user_7", "hash_mode": "argon2id", "protection_flags": null, "result": "401 Invalid credentials", "latency_ms": 600.675499998033}
{"timestamp": 1766472680.0868585, "seed_group": "0x039C76D", "username": "medium_password_user_7", "hash_mode": "argon2id", "protection_flags": null, "result": "401 Invalid credentials", "latency_ms": 580.5333999960567}
{"timestamp": 1766472680.0868585, "seed_group": "0x039C76D", "username": "medium_password_user_7", "hash_mode": "argon2id", "protection_flags": null, "result": "401 Invalid credentials", "latency_ms": 572.3716000065906}
{"timestamp": 1766472680.0868585, "seed_group": "0x039C76D", "username": "medium_password_user_7", "hash_mode": "argon2id", "protection_flags": null, "result": "401 Invalid credentials", "latency_ms": 576.9818999979179}
{"timestamp": 1766472680.0868585, "seed_group": "0x039C76D", "username": "medium_password_user_8", "hash_mode": "argon2id", "protection_flags": null, "result": "401 Invalid credentials", "latency_ms": 615.7698999959393}
{"timestamp": 1766472680.0868585, "seed_group": "0x039C76D", "username": "medium_password_user_8", "hash_mode": "argon2id", "protection_flags": null, "result": "401 Invalid credentials", "latency_ms": 595.3971999988426}
{"timestamp": 1766472680.0868585, "seed_group": "0x039C76D", "username": "medium_password_user_8", "hash_mode": "argon2id", "protection_flags": null, "result": "401 Invalid credentials", "latency_ms": 579.5004999963567}
{"timestamp": 1766472680.0868585, "seed_group": "0x039C76D", "username": "medium_password_user_8", "hash_mode": "argon2id", "protection_flags": null, "result": "401 Invalid credentials", "latency_ms": 587.2292999993078}
{"timestamp": 1766472680.0868585, "seed_group": "0x039C76D", "username": "medium_password_user_8", "hash_mode": "argon2id", "protection_flags": null, "result": "401 Invalid credentials", "latency_ms": 582.1802999998908}
{"timestamp": 1766472680.0868585, "seed_group": "0x039C76D", "username": "medium_password_user_8", "hash_mode": "argon2id", "protection_flags": null, "result": "401 Invalid credentials", "latency_ms": 646.4630999980727}
{"timestamp": 1766472680.0868585, "seed_group": "0x039C76D", "username": "medium_password_user_8", "hash_mode": "argon2id", "protection_flags": null, "result": "401 Invalid credentials", "latency_ms": 576.859599997988}
{"timestamp": 1766472680.0868585, "seed_group": "0x039C76D", "username": "medium_password_user_8", "hash_mode": "argon2id", "protection_flags": null, "result": "401 Invalid credentials", "latency_ms": 582.0336000033421}
{"timestamp": 1766472680.0868585, "seed_group": "0x039C76D", "username": "medium_password_user_8", "hash_mode": "argon2id", "protection_flags": null, "result": "401 Invalid credentials", "latency_ms": 576.78709999891}
{"timestamp": 1766472680.0868585, "seed_group": "0x039C76D", "username": "medium_password_user_9", "hash_mode": "argon2id", "protection_flags": null, "result": "401 Invalid credentials", "latency_ms": 582.829999999376}
{"timestamp": 1766472680.0868585, "seed_group": "0x039C76D", "username": "medium_password_user_9", "hash_mode": "argon2id", "protection_flags": null, "result": "401 Invalid credentials", "latency_ms": 595.0528000030317}
{"timestamp": 1766472680.0868585, "seed_group": "0x039C76D", "username": "medium_password_user_9", "hash_mode": "argon2id", "protection_flags": null, "result": "401 Invalid credentials", "latency_ms": 606.3364999936312}
{"timestamp": 1766472680.0868585, "seed_group": "0x039C76D", "username": "medium_password_user_9", "hash_mode": "argon2id", "protection_flags": null, "result": "401 Invalid credentials", "latency_ms": 622.0449000029475}
{"timestamp": 1766472680.0868585, "seed_group": "0x039C76D", "username": "medium_password_user_9", "hash_mode": "argon2id", "protection_flags": null, "result": "401 Invalid credentials", "latency_ms": 590.0846000004094}
{"timestamp": 1766472680.0868585, "seed_group": "0x039C76D", "username": "medium_password_user_9", "hash_mode": "argon2id", "protection_flags": null, "result": "401 Invalid credentials", "latency_ms": 570.5445999992662}
{"timestamp": 1766472680.0868585, "seed_group": "0x039C76D", "username": "medium_password_user_9", "hash_mode": "argon2id", "protection_flags": null, "result": "401 Invalid credentials", "latency_ms": 580.7124999992084}
{"timestamp": 1766472680.0868585, "seed_group": "0x039C76D", "username": "medium_password_user_9", "hash_mode": "argon2id", "protection_flags": null, "result": "401 Invalid credentials", "latency_ms": 579.951899999287}
{"timestamp": 1766472680.0868585, "seed_group": "0x039C76D", "username": "medium_password_user_9", "hash_mode": "argon2id", "protection_flags": null, "result": "401 Invalid credentials", "latency_ms": 573.7530999977025}
{"timestamp": 1766472680.0868585, "seed_group": "0x039C76D", "username": "medium_password_user_10", "hash_mode": "argon2id", "protection_flags": null, "result": "401 Invalid credentials", "latency_ms": 617.7365000039572}
{"timestamp": 1766472680.0868585, "seed_group": "0x039C76D", "username": "medium_password_user_10", "hash_mode": "argon2id", "protection_flags": null, "result": "401 Invalid credentials", "latency_ms": 601.307100005215}
{"timestamp": 1766472680.0868585, "seed_group": "0x039C76D", "username": "medium_password_user_10", "hash_mode": "argon2id", "protection_flags": null, "result": "401 Invalid credentials", "latency_ms": 606.0616000031587}
{"timestamp": 1766472680.0868585, "seed_group": "0x039C76D", "username": "medium_password_user_10", "hash_mode": "argon2id", "protection_flags": null, "result": "401 Invalid credentials", "latency_ms": 597.9870000010123}
{"timestamp": 1766472680.0868585, "seed_group": "0x039C76D", "username": "medium_password_user_10", "hash_mode": "argon2id", "protection_flags": null, "result": "401 Invalid credentials", "latency_ms": 599.401500003296}
{"timestamp": 1766472680.0868585, "seed_group": "0x039C76D", "username": "medium_password_user_10", "hash_mode": "argon2id", "protection_flags": null, "result": "401 Invalid credentials", "latency_ms": 586.6101999999955}
{"timestamp": 1766472680.0868585, "seed_group": "0x039C76D", "username": "medium_password_user_10", "hash_mode": "argon2id", "protection_flags": null, "result": "401 Invalid credentials", "latency_ms": 590.7240000015008}
{"timestamp": 1766472680.0868585, "seed_group": "0x039C76D", "username": "medium_password_user_10", "hash_mode": "argon2id", "protection_flags": null, "result": "401 Invalid credentials", "latency_ms": 576.0722000050009}
{"timestamp": 1766472680.0868585, "seed_group": "0x039C76D", "username": "medium_password_user_10", "hash_mode": "argon2id", "protection_flags": null, "result": "401 Invalid credentials", "latency_ms": 613.9400999963982}
{"timestamp": 1766472680.0868585, "seed_group": "0x039C76D", "username": "strong_password_user_1", "hash_mode": "argon2id", "protection_flags": null, "result": "401 Invalid credentials", "latency_ms": 608.118199997989}
{"timestamp": 1766472680.0868585, "seed_group": "0x039C76D", "username": "strong_password_user_1", "hash_mode": "argon2id", "protection_flags": null, "result": "401 Invalid credentials", "latency_ms": 600.3667999975733}
{"timestamp": 1766472680.0868585, "seed_group": "0x039C76D", "username": "strong_password_user_1", "hash_mode": "argon2id", "protection_flags": null, "result": "401 Invalid credentials", "latency_ms": 585.1658000028692}
{"timestamp": 1766472680.0868585, "seed_group": "0x039C76D", "username": "strong_password_user_1", "hash_mode": "argon2id", "protection_flags": null, "result": "401 Invalid credentials", "latency_ms": 606.5690999967046}
{"timestamp": 1766472680.0868585, "seed_group": "0x039C76D", "username": "strong_password_user_1", "hash_mode": "argon2id", "protection_flags": null, "result": "401 Invalid credentials", "latency_ms": 581.2774000005447}
{"timestamp": 1766472680.0868585, "seed_group": "0x039C76D", "username": "strong_password_user_1", "hash_mode": "argon2id", "protection_flags": null, "result": "401 Invalid credentials", "latency_ms": 600.1642000046559}
{"timestamp": 1766472680.0868585, "seed_group": "0x039C76D", "username": "strong_password_user_1", "hash_mode": "argon2id", "protection_flags": null, "result": "401 Invalid credentials", "latency_ms": 579.7098999973969}
{"timestamp": 1766472680.0868585, "seed_group": "0x039C76D", "username": "strong_password_user_1", "hash_mode": "argon2id", "protection_flags": null, "result": "401 Invalid credentials", "latency_ms": 602.1870000040508}
{"timestamp": 1766472680.0868585, "seed_group": "0x039C76D", "username": "strong_password_user_1", "hash_mode": "argon2id", "protection_flags": null, "result": "401 Invalid credentials", "latency_ms": 573.4357000037562}
{"timestamp": 1766472680.0868585, "seed_group": "0x039C76D", "username": "strong_password_user_2", "hash_mode": "argon2id", "protection_flags": null, "result": "401 Invalid credentials", "latency_ms": 589.0814999947906}
{"timestamp": 1766472680.0868585, "seed_group": "0x039C76D", "username": "strong_password_user_2", "hash_mode": "argon2id", "protection_flags": null, "result": "401 Invalid credentials", "latency_ms": 585.5796000032569}
{"timestamp": 1766472680.0868585, "seed_group": "0x039C76D", "username": "strong_password_user_2", "hash_mode": "argon2id", "protection_flags": null, "result": "401 Invalid credentials", "latency_ms": 605.3348999994341}
{"timestamp": 1766472680.0868585, "seed_group": "0x039C76D", "username": "strong_password_user_2", "hash_mode": "argon2id", "protection_flags": null, "result": "401 Invalid credentials", "latency_ms": 594.4409999938216}
{"timestamp": 1766472680.0868585, "seed_group": "0x039C76D", "username": "strong_password_user_2", "hash_mode": "argon2id", "protection_flags": null, "result": "401 Invalid credentials", "latency_ms": 597.9890999951749}
{"timestamp": 1766472680.0868585, "seed_group": "0x039C76D", "username": "strong_password_user_2", "hash_mode": "argon2id", "protection_flags": null, "result": "401 Invalid credentials", "latency_ms": 571.6606999994838}
{"timestamp": 1766472680.0868585, "seed_group": "0x039C76D", "username": "strong_password_user_2", "hash_mode": "argon2id", "protection_flags": null, "result": "401 Invalid credentials", "latency_ms": 578.0285000000731}
{"timestamp": 1766472680.0868585, "seed_group": "0x039C76D", "username": "strong_password_user_2", "hash_mode": "argon2id", "protection_flags": null, "result": "401 Invalid credentials", "latency_ms": 578.8609000010183}
{"timestamp": 1766472680.0868585, "seed_group": "0x039C76D", "username": "strong_password_user_2", "hash_mode": "argon2id", "protection_flags": null, "result": "401 Invalid credentials", "latency_ms": 609.5361999978195}
{"timestamp": 1766472680.0868585, "seed_group": "0x039C76D", "username": "strong_password_user_3", "hash_mode": "argon2id", "protection_flags": null, "result": "401 Invalid credentials", "latency_ms": 601.3967999970191}
{"timestamp": 1766472680.0868585, "seed_group": "0x039C76D", "username": "strong_password_user_3", "hash_mode": "argon2id", "protection_flags": null, "result": "401 Invalid credentials", "latency_ms": 590.5848000038532}
{"timestamp": 1766472680.0868585, "seed_group": "0x039C76D", "username": "strong_password_user_3", "hash_mode": "argon2id", "protection_flags": null, "result": "401 Invalid credentials", "latency_ms": 587.7357999997912}
{"timestamp": 1766472680.0868585, "seed_group": "0x039C76D", "username": "strong_password_user_3", "hash_mode": "argon2id", "protection_flags": null, "result": "401 Invalid credentials", "latency_ms": 575.8228999984567}
{"timestamp": 1766472680.0868585, "seed_group": "0x039C76D", "username": "strong_password_user_3", "hash_mode": "argon2id", "protection_flags": null, "result": "401 Invalid credentials", "latency_ms": 578.4925999978441}
{"timestamp": 1766472680.0868585, "seed_group": "0x039C76D", "username": "strong_password_user_3", "hash_mode": "argon2id", "protection_flags": null, "result": "401 Invalid credentials", "latency_ms": 583.6090999946464}
{"timestamp": 1766472680.0868585, "seed_group": "0x039C76D", "username": "strong_password_user_3", "hash_mode": "argon2id", "protection_flags": null, "result": "401 Invalid credentials", "latency_ms": 605.9786999976495}
{"timestamp": 1766472680.0868585, "seed_group": "0x039C76D", "username": "strong_password_user_3", "hash_mode": "argon2id", "protection_flags": null, "result": "401 Invalid credentials", "latency_ms": 589.7547999993549}
{"timestamp": 1766472680.0868585, "seed_group": "0x039C76D", "username": "strong_password_user_3", "hash_mode": "argon2id", "protection_flags": null, "result": "401 Invalid credentials", "latency_ms": 591.1565999995219}
{"timestamp": 1766472680.0868585, "seed_group": "0x039C76D", "username": "strong_password_user_4", "hash_mode": "argon2id", "protection_flags": null, "result": "401 Invalid credentials", "latency_ms": 578.3062000045902}
{"timestamp": 1766472680.0868585, "seed_group": "0x039C76D", "username": "strong_password_user_4", "hash_mode": "argon2id", "protection_flags": null, "result": "401 Invalid credentials", "latency_ms": 588.4710000027553}
{"timestamp": 1766472680.0868585, "seed_group": "0x039C76D", "username": "strong_password_user_4", "hash_mode": "argon2id", "protection_flags": null, "result": "401 Invalid credentials", "latency_ms": 579.0124999984982}
{"timestamp": 1766472680.0868585, "seed_group": "0x039C76D", "username": "strong_password_user_4", "hash_mode": "argon2id", "protection_flags": null, "result": "401 Invalid credentials", "latency_ms": 597.8202000042074}
{"timestamp": 1766472680.0868585, "seed_group": "0x039C76D", "username": "strong_password_user_4", "hash_mode": "argon2id", "protection_flags": null, "result": "401 Invalid credentials", "latency_ms": 597.6308999961475}
{"timestamp": 1766472680.0868585, "seed_group": "0x039C76D", "username": "strong_password_user_4", "hash_mode": "argon2id", "protection_flags": null, "result": "401 Invalid credentials", "latency_ms": 581.0586000006879}
{"timestamp": 1766472680.0868585, "seed_group": "0x039C76D", "username": "strong_password_user_4", "hash_mode": "argon2id", "protection_flags": null, "result": "401 Invalid credentials", "latency_ms": 604.1100000002189}
{"timestamp": 1766472680.0868585, "seed_group": "0x039C76D", "username": "strong_password_user_4", "hash_mode": "argon2id", "protection_flags": null, "result": "401 Invalid credentials", "latency_ms": 574.6327000015299}
{"timestamp": 1766472680.0868585, "seed_group": "0x039C76D", "username": "strong_password_user_4", "hash_mode": "argon2id", "protection_flags": null, "result": "401 Invalid credentials", "latency_ms": 574.1611999983434}
{"timestamp": 1766472680.0868585, "seed_group": "0x039C76D", "username": "strong_password_user_5", "hash_mode": "argon2id", "protection_flags": null, "result": "401 Invalid credentials", "latency_ms": 574.9611999999615}
{"timestamp": 1766472680.0868585, "seed_group": "0x039C76D", "username": "strong_password_user_5", "hash_mode": "argon2id", "protection_flags": null, "result": "401 Invalid credentials", "latency_ms": 606.7546999984188}
{"timestamp": 1766472680.0868585, "seed_group": "0x039C76D", "username": "strong_password_user_5", "hash_mode": "argon2id", "protection_flags": null, "result": "401 Invalid credentials", "latency_ms": 597.6467000000412}
{"timestamp": 1766472680.0868585, "seed_group": "0x039C76D", "username": "strong_password_user_5", "hash_mode": "argon2id", "protection_flags": null, "result": "401 Invalid credentials", "latency_ms": 583.309100002225}
{"timestamp": 1766472680.0868585, "seed_group": "0x039C76D", "username": "strong_password_user_5", "hash_mode": "argon2id", "protection_flags": null, "result": "401 Invalid credentials", "latency_ms": 596.9714000020758}
{"timestamp": 1766472680.0868585, "seed_group": "0x039C76D", "username": "strong_password_user_5", "hash_mode": "argon2id", "protection_flags": null, "result": "401 Invalid credentials", "latency_ms": 596.4958999975352}
{"timestamp": 1766472680.0868585, "seed_group": "0x039C76D", "username": "strong_password_user_5", "hash_mode": "argon2id", "protection_flags": null, "result": "401 Invalid credentials", "latency_ms": 587.8547000029357}
{"timestamp": 1766472680.0868585, "seed_group": "0x039C76D", "username": "strong_password_user_5", "hash_mode": "argon2id", "protection_flags": null, "result": "401 Invalid credentials", "latency_ms": 568.6360000036075}
{"timestamp": 1766472680.0868585, "seed_group": "0x039C76D", "username": "strong_password_user_5", "hash_mode": "argon2id", "protection_flags": null, "result": "401 Invalid credentials", "latency_ms": 582.9985999953351}
{"timestamp": 1766472680.0868585, "seed_group": "0x039C76D", "username": "strong_password_user_6", "hash_mode": "argon2id", "protection_flags": null, "result": "401 Invalid credentials", "latency_ms": 590.8072999955039}
{"timestamp": 1766472680.0868585, "seed_group": "0x039C76D", "username": "strong_password_user_6", "hash_mode": "argon2id", "protection_flags": null, "result": "401 Invalid credentials", "latency_ms": 605.5419000040274}
{"timestamp": 1766472680.0868585, "seed_group": "0x039C76D", "username": "strong_password_user_6", "hash_mode": "argon2id", "protection_flags": null, "result": "401 Invalid credentials", "latency_ms": 597.1340999967651}
{"timestamp": 1766472680.0868585, "seed_group": "0x039C76D", "username": "strong_password_user_6", "hash_mode": "argon2id", "protection_flags": null, "result": "401 Invalid credentials", "latency_ms": 581.1631999968085}
{"timestamp": 1766472680.0868585, "seed_group": "0x039C76D", "username": "strong_password_user_6", "hash_mode": "argon2id", "protection_flags": null, "result": "401 Invalid credentials", "latency_ms": 596.6586000067764}
{"timestamp": 1766472680.0868585, "seed_group": "0x039C76D", "username": "strong_password_user_6", "hash_mode": "argon2id", "protection_flags": null, "result": "401 Invalid credentials", "latency_ms": 578.1969000017853}
{"timestamp": 1766472680.0868585, "seed_group": "0x039C76D", "username": "strong_password_user_6", "hash_mode": "argon2id", "protection_flags": null, "result": "401 Invalid credentials", "latency_ms": 583.8374000013573}
{"timestamp": 1766472680.0868585, "seed_group": "0x039C76D", "username": "strong_password_user_6", "hash_mode": "argon2id", "protection_flags": null, "result": "401 Invalid credentials", "latency_ms": 574.0795000019716}
{"timestamp": 1766472680.0868585, "seed_group": "0x039C76D", "username": "strong_password_user_6", "hash_mode": "argon2id", "protection_flags": null, "result": "401 Invalid credentials", "latency_ms": 596.4080999983707}
{"timestamp": 1766472680.0868585, "seed_group": "0x039C76D", "username": "strong_password_user_7", "hash_mode": "argon2id", "protection_flags": null, "result": "401 Invalid credentials", "latency_ms": 589.2244999995455}
{"timestamp": 1766472680.0868585, "seed_group": "0x039C76D", "username": "strong_password_user_7", "hash_mode": "argon2id", "protection_flags": null, "result": "401 Invalid credentials", "latency_ms": 602.4719000051846}
{"timestamp": 1766472680.0868585, "seed_group": "0x039C76D", "username": "strong_password_user_7", "hash_mode": "argon2id", "protection_flags": null, "result": "401 Invalid credentials", "latency_ms": 597.7232000004733}
{"timestamp": 1766472680.0868585, "seed_group": "0x039C76D", "username": "strong_password_user_7", "hash_mode": "argon2id", "protection_flags": null, "result": "401 Invalid credentials", "latency_ms": 577.1686000007321}
{"timestamp": 1766472680.0868585, "seed_group": "0x039C76D", "username": "strong_password_user_7", "hash_mode": "argon2id", "protection_flags": null, "result": "401 Invalid credentials", "latency_ms": 572.1181999979308}
{"timestamp": 1766472680.0868585, "seed_group": "0x039C76D", "username": "strong_password_user_7", "hash_mode": "argon2id", "protection_flags": null, "result": "401 Invalid credentials", "latency_ms": 580.9936000005109}
{"timestamp": 1766472680.0868585, "seed_group": "0x039C76D", "username": "strong_password_user_7", "hash_mode": "argon2id", "protection_flags": null, "result": "401 Invalid credentials", "latency_ms": 610.3223999962211}
{"timestamp": 1766472680.0868585, "seed_group": "0x039C76D", "username": "strong_password_user_7", "hash_mode": "argon2id", "protection_flags": null, "result": "401 Invalid credentials", "latency_ms": 596.9168000010541}
{"timestamp": 1766472680.0868585, "seed_group": "0x039C76D", "username": "strong_password_user_7", "hash_mode": "argon2id", "protection_flags": null, "result": "401 Invalid credentials", "latency_ms": 576.827000004414}
{"timestamp": 1766472680.0868585, "seed_group": "0x039C76D", "username": "strong_password_user_8", "hash_mode": "argon2id", "protection_flags": null, "result": "401 Invalid credentials", "latency_ms": 604.4427000015276}
{"timestamp": 1766472680.0868585, "seed_group": "0x039C76D", "username": "strong_password_user_8", "hash_mode": "argon2id", "protection_flags": null, "result": "401 Invalid credentials", "latency_ms": 590.204599997378}
{"timestamp": 1766472680.0868585, "seed_group": "0x039C76D", "username": "strong_password_user_8", "hash_mode": "argon2id", "protection_flags": null, "result": "401 Invalid credentials", "latency_ms": 596.6416000010213}
{"timestamp": 1766472680.0868585, "seed_group": "0x039C76D", "username": "strong_password_user_8", "hash_mode": "argon2id", "protection_flags": null, "result": "401 Invalid credentials", "latency_ms": 580.6910000028438}
{"timestamp": 1766472680.0868585, "seed_group": "0x039C76D", "username": "strong_password_user_8", "hash_mode": "argon2id", "protection_flags": null, "result": "401 Invalid credentials", "latency_ms": 582.1206000036909}
{"timestamp": 1766472680.0868585, "seed_group": "0x039C76D", "username": "strong_password_user_8", "hash_mode": "argon2id", "protection_flags": null, "result": "401 Invalid credentials", "latency_ms": 599.8466000019107}
{"timestamp": 1766472680.0868585, "seed_group": "0x039C76D", "username": "strong_password_user_8", "hash_mode": "argon2id", "protection_flags": null, "result": "401 Invalid credentials", "latency_ms": 594.2901999951573}
{"timestamp": 1766472680.0868585, "seed_group": "0x039C76D", "username": "strong_password_user_8", "hash_mode": "argon2id", "protection_flags": null, "result": "401 Invalid credentials", "latency_ms": 595.9072000041488}
{"timestamp": 1766472680.0868585, "seed_group": "0x039C76D", "username": "strong_password_user_8", "hash_mode": "argon2id", "protection_flags": null, "result": "401 Invalid credentials", "latency_ms": 595.9061999965343}
{"timestamp": 1766472680.0868585, "seed_group": "0x039C76D", "username": "strong_password_user_9", "hash_mode": "argon2id", "protection_flags": null, "result": "401 Invalid credentials", "latency_ms": 579.4307000032859}
{"timestamp": 1766472680.0868585, "seed_group": "0x039C76D", "username": "strong_password_user_9", "hash_mode": "argon2id", "protection_flags": null, "result": "401 Invalid credentials", "latency_ms": 576.6991000054986}
{"timestamp": 1766472680.0868585, "seed_group": "0x039C76D", "username": "strong_password_user_9", "hash_mode": "argon2id", "protection_flags": null, "result": "401 Invalid credentials", "latency_ms": 595.8925000013551}
{"timestamp": 1766472680.0868585, "seed_group": "0x039C76D", "username": "strong_password_user_9", "hash_mode": "argon2id", "protection_flags": null, "result": "401 Invalid credentials", "latency_ms": 586.4648999995552}
{"timestamp": 1766472680.0868585, "seed_group": "0x039C76D", "username": "strong_password_user_9", "hash_mode": "argon2id", "protection_flags": null, "result": "401 Invalid credentials", "latency_ms": 577.9622000045492}
{"timestamp": 1766472680.0868585, "seed_group": "0x039C76D", "username": "strong_password_user_9", "hash_mode": "argon2id", "protection_flags": null, "result": "401 Invalid credentials", "latency_ms": 575.5531999966479}
{"timestamp": 1766472680.0868585, "seed_group": "0x039C76D", "username": "strong_password_user_9", "hash_mode": "argon2id", "protection_flags": null, "result": "401 Invalid credentials", "latency_ms": 594.8358999958145}
{"timestamp": 1766472680.0868585, "seed_group": "0x039C76D", "username": "strong_password_user_9", "hash_mode": "argon2id", "protection_flags": null, "result": "401 Invalid credentials", "latency_ms": 574.4467999975313}
{"timestamp": 1766472680.0868585, "seed_group": "0x039C76D", "username": "strong_password_user_9", "hash_mode": "argon2id", "protection_flags": null, "result": "401 Invalid credentials", "latency_ms": 594.780700004776}
{"timestamp": 1766472680.0868585, "seed_group": "0x039C76D", "username": "strong_password_user_10", "hash_mode": "argon2id", "protection_flags": null, "result": "401 Invalid credentials", "latency_ms": 581.8383000005269}
{"timestamp": 1766472680.0868585, "seed_group": "0x039C76D", "username": "strong_password_user_10", "hash_mode": "argon2id", "protection_flags": null, "result": "401 Invalid credentials", "latency_ms": 608.9992999986862}
{"timestamp": 1766472680.0868585, "seed_group": "0x039C76D", "username": "strong_password_user_10", "hash_mode": "argon2id", "protection_flags": null, "result": "401 Invalid credentials", "latency_ms": 588.5699999998906}
{"timestamp": 1766472680.0868585, "seed_group": "0x039C76D", "username": "strong_password_user_10", "hash_mode": "argon2id", "protection_flags": null, "result": "401 Invalid credentials", "latency_ms": 580.5548999996972}
{"timestamp": 1766472680.0868585, "seed_group": "0x039C76D", "username": "strong_password_user_10", "hash_mode": "argon2id", "protection_flags": null, "result": "401 Invalid credentials", "latency_ms": 587.0562999989488}
{"timestamp": 1766472680.0868585, "seed_group": "0x039C76D", "username": "strong_password_user_10", "hash_mode": "argon2id", "protection_flags": null, "result": "401 Invalid credentials", "latency_ms": 618.4950000024401}
{"timestamp": 1766472680.0868585, "seed_group": "0x039C76D", "username": "strong_password_user_10", "hash_mode": "argon2id", "protection_flags": null, "result": "401 Invalid credentials", "latency_ms": 581.8578999969759}
{"timestamp": 1766472680.0868585, "seed_group": "0x039C76D", "username": "strong_password_user_10", "hash_mode": "argon2id", "protection_flags": null, "result": "401 Invalid credentials", "latency_ms": 593.5402999966755}
{"timestamp": 1766472680.0868585, "seed_group": "0x039C76D", "username": "strong_password_user_10", "hash_mode": "argon2id", "protection_flags": null, "result": "401 Invalid credentials", "latency_ms": 597.5192999976571}
