{"timestamp": 1766473498.5465834, "seed_group": "0x039C76D", "username": "weak_password_user_1", "hash_mode": "bcrypt", "protection_flags": null, "result": "401 Invalid credentials", "latency_ms": 687.8644000098575}
{"timestamp": 1766473498.5465834, "seed_group": "0x039C76D", "username": "weak_password_user_1", "hash_mode": "bcrypt", "protection_flags": null, "result": "401 Invalid credentials", "latency_ms": 639.0385999984574}
{"timestamp": 1766473498.5465834, "seed_group": "0x039C76D", "username": "weak_password_user_1", "hash_mode": "bcrypt", "protection_flags": null, "result": "401 Invalid credentials", "latency_ms": 657.1498999983305}
{"timestamp": 1766473498.5465834, "seed_group": "0x039C76D", "username": "weak_password_user_1", "hash_mode": "bcrypt", "protection_flags": null, "result": "401 Invalid credentials", "latency_ms": 638.3411999995587}
{"timestamp": 1766473498.5465834, "seed_group": "0x039C76D", "username": "weak_password_user_1", "hash_mode": "bcrypt", "protection_flags": null, "result": "401 Invalid credentials", "latency_ms": 627.0833000016864}
{"timestamp": 1766473498.5465834, "seed_group": "0x039C76D", "username": "weak_password_user_1", "hash_mode": "bcrypt", "protection_flags": null, "result": "401 Invalid credentials", "latency_ms": 624.3611999962013}
{"timestamp": 1766473498.5465834, "seed_group": "0x039C76D", "username": "weak_password_user_1", "hash_mode": "bcrypt", "protection_flags": null, "result": "200 Login successful", "latency_ms": 625.9530999959679}
{"timestamp": 1766473498.5465834, "seed_group": "0x039C76D", "username": "weak_password_user_2", "hash_mode": "bcrypt", "protection_flags": null, "result": "401 Invalid credentials", "latency_ms": 623.1886000023223}
{"timestamp": 1766473498.5465834, "seed_group": "0x039C76D", "username": "weak_password_user_2", "hash_mode": "bcrypt", "protection_flags": null, "result": "401 Invalid credentials", "latency_ms": 629.3353999935789}
{"timestamp": 1766473498.5465834, "seed_group": "0x039C76D", "username": "weak_password_user_2", "hash_mode": "bcrypt", "protection_flags": null, "result": "401 Invalid credentials", "latency_ms": 627.6260000013281}
{"timestamp": 1766473498.5465834, "seed_group": "0x039C76D", "username": "weak_password_user_2", "hash_mode": "bcrypt", "protection_flags": null, "result": "401 Invalid credentials", "latency_ms": 631.7892000079155}
{"timestamp": 1766473498.5465834, "seed_group": "0x039C76D", "username": "weak_password_user_2", "hash_mode": "bcrypt", "protection_flags": null, "result": "401 Invalid credentials", "latency_ms": 622.7265000052284}
{"timestamp": 1766473498.5465834, "seed_group": "0x039C76D", "username": "weak_password_user_2", "hash_mode": "bcrypt", "protection_flags": null, "result": "401 Invalid credentials", "latency_ms": 629.2831999890041}
{"timestamp": 1766473498.5465834, "seed_group": "0x039C76D", "username": "weak_password_user_2", "hash_mode": "bcrypt", "protection_flags": null, "result": "401 Invalid credentials", "latency_ms": 628.9682000060566}
{"timestamp": 1766473498.5465834, "seed_group": "0x039C76D", "username": "weak_password_user_2", "hash_mode": "bcrypt", "protection_flags": null, "result": "200 Login successful", "latency_ms": 572.5617000134662}
{"timestamp": 1766473498.5465834, "seed_group": "0x039C76D", "username": "weak_password_user_3", "hash_mode": "bcrypt", "protection_flags": null, "result": "401 Invalid credentials", "latency_ms": 574.2208999872673}
{"timestamp": 1766473498.5465834, "seed_group": "0x039C76D", "username": "weak_password_user_3", "hash_mode": "bcrypt", "protection_flags": null, "result": "401 Invalid credentials", "latency_ms": 571.4941999904113}
{"timestamp": 1766473498.5465834, "seed_group": "0x039C76D", "username": "weak_password_user_3", "hash_mode": "bcrypt", "protection_flags": null, "result": "401 Invalid credentials", "latency_ms": 571.839700001874}
{"timestamp": 1766473498.5465834, "seed_group": "0x039C76D", "username": "weak_password_user_3", "hash_mode": "bcrypt", "protection_flags": null, "result": "401 Invalid credentials", "latency_ms": 580.728300003102}
{"timestamp": 1766473498.5465834, "seed_group": "0x039C76D", "username": "weak_password_user_3", "hash_mode": "bcrypt", "protection_flags": null, "result": "401 Invalid credentials", "latency_ms": 588.1655999983195}
{"timestamp": 1766473498.5465834, "seed_group": "0x039C76D", "username": "weak_password_user_3", "hash_mode": "bcrypt", "protection_flags": null, "result": "401 Invalid credentials", "latency_ms": 594.3998000002466}
{"timestamp": 1766473498.5465834, "seed_group": "0x039C76D", "username": "weak_password_user_3", "hash_mode": "bcrypt", "protection_flags": null, "result": "401 Invalid credentials", "latency_ms": 584.9031999969156}
{"timestamp": 1766473498.5465834, "seed_group": "0x039C76D", "username": "weak_password_user_3", "hash_mode": "bcrypt", "protection_flags": null, "result": "401 Invalid credentials", "latency_ms": 598.6750000010943}
{"timestamp": 1766473498.5465834, "seed_group": "0x039C76D", "username": "weak_password_user_3", "hash_mode": "bcrypt", "protection_flags": null, "result": "401 Invalid credentials", "latency_ms": 579.574200004572}
{"timestamp": 1766473498.5465834, "seed_group": "0x039C76D", "username": "weak_password_user_4", "hash_mode": "bcrypt", "protection_flags": null, "result": "401 Invalid credentials", "latency_ms": 579.193600002327}
{"timestamp": 1766473498.5465834, "seed_group": "0x039C76D", "username": "weak_password_user_4", "hash_mode": "bcrypt", "protection_flags": null, "result": "401 Invalid credentials", "latency_ms": 571.52299999143}
{"timestamp": 1766473498.5465834, "seed_group": "0x039C76D", "username": "weak_password_user_4", "hash_mode": "bcrypt", "protection_flags": null, "result": "401 Invalid credentials", "latency_ms": 583.7049999972805}
{"timestamp": 1766473498.5465834, "seed_group": "0x039C76D", "username": "weak_password_user_4", "hash_mode": "bcrypt", "protection_flags": null, "result": "401 Invalid credentials", "latency_ms": 573.8648999977158}
{"timestamp": 1766473498.5465834, "seed_group": "0x039C76D", "username": "weak_password_user_4", "hash_mode": "bcrypt", "protection_flags": null, "result": "401 Invalid credentials", "latency_ms": 573.5243999952218}
{"timestamp": 1766473498.5465834, "seed_group": "0x039C76D", "username": "weak_password_user_4", "hash_mode": "bcrypt", "protection_flags": null, "result": "401 Invalid credentials", "latency_ms": 587.2291999985464}
{"timestamp": 1766473498.5465834, "seed_group": "0x039C76D", "username": "weak_password_user_4", "hash_mode": "bcrypt", "protection_flags": null, "result": "401 Invalid credentials", "latency_ms": 573.1684000056703}
{"timestamp": 1766473498.5465834, "seed_group": "0x039C76D", "username": "weak_password_user_4", "hash_mode": "bcrypt", "protection_flags": null, "result": "401 Invalid credentials", "latency_ms": 588.146099995356}
{"timestamp": 1766473498.5465834, "seed_group": "0x039C76D", "username": "weak_password_user_4", "hash_mode": "bcrypt", "protection_flags": null, "result": "401 Invalid credentials", "latency_ms": 584.8742999951355}
{"timestamp": 1766473498.5465834, "seed_group": "0x039C76D", "username": "weak_password_user_5", "hash_mode": "bcrypt", "protection_flags": null, "result": "401 Invalid credentials", "latency_ms": 589.7346999990987}
{"timestamp": 1766473498.5465834, "seed_group": "0x039C76D", "username": "weak_password_user_5", "hash_mode": "bcrypt", "protection_flags": null, "result": "401 Invalid credentials", "latency_ms": 589.4324999972014}
{"timestamp": 1766473498.5465834, "seed_group": "0x039C76D", "username": "weak_password_user_5", "hash_mode": "bcrypt", "protection_flags": null, "result": "401 Invalid credentials", "latency_ms": 573.4705000068061}
{"timestamp": 1766473498.5465834, "seed_group": "0x039C76D", "username": "weak_password_user_5", "hash_mode": "bcrypt", "protection_flags": null, "result": "401 Invalid credentials", "latency_ms": 592.4360000062734}
{"timestamp": 1766473498.5465834, "seed_group": "0x039C76D", "username": "weak_password_user_5", "hash_mode": "bcrypt", "protection_flags": null, "result": "401 Invalid credentials", "latency_ms": 591.6429000062635}
{"timestamp": 1766473498.5465834, "seed_group": "0x039C76D", "username": "weak_password_user_5", "hash_mode": "bcrypt", "protection_flags": null, "result": "401 Invalid credentials", "latency_ms": 583.6428999900818}
{"timestamp": 1766473498.5465834, "seed_group": "0x039C76D", "username": "weak_password_user_5", "hash_mode": "bcrypt", "protection_flags": null, "result": "401 Invalid credentials", "latency_ms": 571.637400003965}
{"timestamp": 1766473498.5465834, "seed_group": "0x039C76D", "username": "weak_password_user_5", "hash_mode": "bcrypt", "protection_flags": null, "result": "401 Invalid credentials", "latency_ms": 592.2544000059133}
{"timestamp": 1766473498.5465834, "seed_group": "0x039C76D", "username": "weak_password_user_5", "hash_mode": "bcrypt", "protection_flags": null, "result": "401 Invalid credentials", "latency_ms": 585.6566000002204}
{"timestamp": 1766473498.5465834, "seed_group": "0x039C76D", "username": "weak_password_user_6", "hash_mode": "bcrypt", "protection_flags": null, "result": "401 Invalid credentials", "latency_ms": 588.6110999999801}
{"timestamp": 1766473498.5465834, "seed_group": "0x039C76D", "username": "weak_password_user_6", "hash_mode": "bcrypt", "protection_flags": null, "result": "401 Invalid credentials", "latency_ms": 576.912499993341}
{"timestamp": 1766473498.5465834, "seed_group": "0x039C76D", "username": "weak_password_user_6", "hash_mode": "bcrypt", "protection_flags": null, "result": "401 Invalid credentials", "latency_ms": 583.0626000097254}
{"timestamp": 1766473498.5465834, "seed_group": "0x039C76D", "username": "weak_password_user_6", "hash_mode": "bcrypt", "protection_flags": null, "result": "401 Invalid credentials", "latency_ms": 578.6255000130041}
{"timestamp": 1766473498.5465834, "seed_group": "0x039C76D", "username": "weak_password_user_6", "hash_mode": "bcrypt", "protection_flags": null, "result": "401 Invalid credentials", "latency_ms": 580.2393999911146}
{"timestamp": 1766473498.5465834, "seed_group": "0x039C76D", "username": "weak_password_user_6", "hash_mode": "bcrypt", "protection_flags": null, "result": "401 Invalid credentials", "latency_ms": 578.301300003659}
{"timestamp": 1766473498.5465834, "seed_group": "0x039C76D", "username": "weak_password_user_6", "hash_mode": "bcrypt", "protection_flags": null, "result": "401 Invalid credentials", "latency_ms": 600.7833999901777}
{"timestamp": 1766473498.5465834, "seed_group": "0x039C76D", "username": "weak_password_user_6", "hash_mode": "bcrypt", "protection_flags": null, "result": "401 Invalid credentials", "latency_ms": 585.1235000009183}
{"timestamp": 1766473498.5465834, "seed_group": "0x039C76D", "username": "weak_password_user_6", "hash_mode": "bcrypt", "protection_flags": null, "result": "401 Invalid credentials", "latency_ms": 601.16669999843}
{"timestamp": 1766473498.5465834, "seed_group": "0x039C76D", "username": "weak_password_user_7", "hash_mode": "bcrypt", "protection_flags": null, "result": "401 Invalid credentials", "latency_ms": 568.7979999929667}
{"timestamp": 1766473498.5465834, "seed_group": "0x039C76D", "username": "weak_password_user_7", "hash_mode": "bcrypt", "protection_flags": null, "result": "401 Invalid credentials", "latency_ms": 590.4862000024877}
{"timestamp": 1766473498.5465834, "seed_group": "0x039C76D", "username": "weak_password_user_7", "hash_mode": "bcrypt", "protection_flags": null, "result": "401 Invalid credentials", "latency_ms": 581.3376000005519}
{"timestamp": 1766473498.5465834, "seed_group": "0x039C76D", "username": "weak_password_user_7", "hash_mode": "bcrypt", "protection_flags": null, "result": "401 Invalid credentials", "latency_ms": 591.9031999947038}
{"timestamp": 1766473498.5465834, "seed_group": "0x039C76D", "username": "weak_password_user_7", "hash_mode": "bcrypt", "protection_flags": null, "result": "401 Invalid credentials", "latency_ms": 582.2246000025189}
{"timestamp": 1766473498.5465834, "seed_group": "0x039C76D", "username": "weak_password_user_7", "hash_mode": "bcrypt", "protection_flags": null, "result": "401 Invalid credentials", "latency_ms": 567.3470000037923}
{"timestamp": 1766473498.5465834, "seed_group": "0x039C76D", "username": "weak_password_user_7", "hash_mode": "bcrypt", "protection_flags": null, "result": "401 Invalid credentials", "latency_ms": 569.0356999984942}
{"timestamp": 1766473498.5465834, "seed_group": "0x039C76D", "username": "weak_password_user_7", "hash_mode": "bcrypt", "protection_flags": null, "result": "401 Invalid credentials", "latency_ms": 579.5553000061773}
{"timestamp": 1766473498.5465834, "seed_group": "0x039C76D", "username": "weak_password_user_7", "hash_mode": "bcrypt", "protection_flags": null, "result": "200 Login successful", "latency_ms": 576.9598000042606}
{"timestamp": 1766473498.5465834, "seed_group": "0x039C76D", "username": "weak_password_user_8", "hash_mode": "bcrypt", "protection_flags": null, "result": "401 Invalid credentials", "latency_ms": 605.5433000001358}
{"timestamp": 1766473498.5465834, "seed_group": "0x039C76D", "username": "weak_password_user_8", "hash_mode": "bcrypt", "protection_flags": null, "result": "401 Invalid credentials", "latency_ms": 603.5048999910941}
{"timestamp": 1766473498.5465834, "seed_group": "0x039C76D", "username": "weak_password_user_8", "hash_mode": "bcrypt", "protection_flags": null, "result": "401 Invalid credentials", "latency_ms": 571.6076999960933}
{"timestamp": 1766473498.5465834, "seed_group": "0x039C76D", "username": "weak_password_user_8", "hash_mode": "bcrypt", "protection_flags": null, "result": "401 Invalid credentials", "latency_ms": 599.8952999943867}
{"timestamp": 1766473498.5465834, "seed_group": "0x039C76D", "username": "weak_password_user_8", "hash_mode": "bcrypt", "protection_flags": null, "result": "401 Invalid credentials", "latency_ms": 569.9896000005538}
{"timestamp": 1766473498.5465834, "seed_group": "0x039C76D", "username": "weak_password_user_8", "hash_mode": "bcrypt", "protection_flags": null, "result": "401 Invalid credentials", "latency_ms": 576.7155999928946}
{"timestamp": 1766473498.5465834, "seed_group": "0x039C76D", "username": "weak_password_user_8", "hash_mode": "bcrypt", "protection_flags": null, "result": "401 Invalid credentials", "latency_ms": 598.4901000047103}
{"timestamp": 1766473498.5465834, "seed_group": "0x039C76D", "username": "weak_password_user_8", "hash_mode": "bcrypt", "protection_flags": null, "result": "401 Invalid credentials", "latency_ms": 576.5937999967718}
{"timestamp": 1766473498.5465834, "seed_group": "0x039C76D", "username": "weak_password_user_8", "hash_mode": "bcrypt", "protection_flags": null, "result": "401 Invalid credentials", "latency_ms": 579.2390999995405}
{"timestamp": 1766473498.5465834, "seed_group": "0x039C76D", "username": "weak_password_user_9", "hash_mode": "bcrypt", "protection_flags": null, "result": "401 Invalid credentials", "latency_ms": 566.6343999910168}
{"timestamp": 1766473498.5465834, "seed_group": "0x039C76D", "username": "weak_password_user_9", "hash_mode": "bcrypt", "protection_flags": null, "result": "401 Invalid credentials", "latency_ms": 574.723300000187}
{"timestamp": 1766473498.5465834, "seed_group": "0x039C76D", "username": "weak_password_user_9", "hash_mode": "bcrypt", "protection_flags": null, "result": "401 Invalid credentials", "latency_ms": 572.5723999930779}
{"timestamp": 1766473498.5465834, "seed_group": "0x039C76D", "username": "weak_password_user_9", "hash_mode": "bcrypt", "protection_flags": null, "result": "200 Login successful", "latency_ms": 582.0266999944579}
{"timestamp": 1766473498.5465834, "seed_group": "0x039C76D", "username": "weak_password_user_10", "hash_mode": "bcrypt", "protection_flags": null, "result": "401 Invalid credentials", "latency_ms": 572.495100001106}
{"timestamp": 1766473498.5465834, "seed_group": "0x039C76D", "username": "weak_password_user_10", "hash_mode": "bcrypt", "protection_flags": null, "result": "401 Invalid credentials", "latency_ms": 573.2459999999264}
{"timestamp": 1766473498.5465834, "seed_group": "0x039C76D", "username": "weak_password_user_10", "hash_mode": "bcrypt", "protection_flags": null, "result": "401 Invalid credentials", "latency_ms": 591.1249999917345}
{"timestamp": 1766473498.5465834, "seed_group": "0x039C76D", "username": "weak_password_user_10", "hash_mode": "bcrypt", "protection_flags": null, "result": "401 Invalid credentials", "latency_ms": 578.448300002492}
{"timestamp": 1766473498.5465834, "seed_group": "0x039C76D", "username": "weak_password_user_10", "hash_mode": "bcrypt", "protection_flags": null, "result": "401 Invalid credentials", "latency_ms": 593.1428999901982}
{"timestamp": 1766473498.5465834, "seed_group": "0x039C76D", "username": "weak_password_user_10", "hash_mode": "bcrypt", "protection_flags": null, "result": "401 Invalid credentials", "latency_ms": 586.3601999881212}
{"timestamp": 1766473498.5465834, "seed_group": "0x039C76D", "username": "weak_password_user_10", "hash_mode": "bcrypt", "protection_flags": null, "result": "401 Invalid credentials", "latency_ms": 593.465500001912}
{"timestamp": 1766473498.5465834, "seed_group": "0x039C76D", "username": "weak_password_user_10", "hash_mode": "bcrypt", "protection_flags": null, "result": "401 Invalid credentials", "latency_ms": 592.193500007852}
{"timestamp": 1766473498.5465834, "seed_group": "0x039C76D", "username": "weak_password_user_10", "hash_mode": "bcrypt", "protection_flags": null, "result": "401 Invalid credentials", "latency_ms": 594.1316999960691}
{"timestamp": 1766473498.5465834, "seed_group": "0x039C76D", "username": "medium_password_user_1", "hash_mode": "bcrypt", "protection_flags": null, "result": "401 Invalid credentials", "latency_ms": 595.5452000052901}
{"timestamp": 1766473498.5465834, "seed_group": "0x039C76D", "username": "medium_password_user_1", "hash_mode": "bcrypt", "protection_flags": null, "result": "401 Invalid credentials", "latency_ms": 586.8285000033211}
{"timestamp": 1766473498.5465834, "seed_group": "0x039C76D", "username": "medium_password_user_1", "hash_mode": "bcrypt", "protection_flags": null, "result": "401 Invalid credentials", "latency_ms": 636.5093999920646}
{"timestamp": 1766473498.5465834, "seed_group": "0x039C76D", "username": "medium_password_user_1", "hash_mode": "bcrypt", "protection_flags": null, "result": "401 Invalid credentials", "latency_ms": 610.8218000008492}
{"timestamp": 1766473498.5465834, "seed_group": "0x039C76D", "username": "medium_password_user_1", "hash_mode": "bcrypt", "protection_flags": null, "result": "401 Invalid credentials", "latency_ms": 603.8832999911392}
{"timestamp": 1766473498.5465834, "seed_group": "0x039C76D", "username": "medium_password_user_1", "hash_mode": "bcrypt", "protection_flags": null, "result": "401 Invalid credentials", "latency_ms": 593.9038999931654}
{"timestamp": 1766473498.5465834, "seed_group": "0x039C76D", "username": "medium_password_user_1", "hash_mode": "bcrypt", "protection_flags": null, "result": "401 Invalid credentials", "latency_ms": 574.8801000008825}
{"timestamp": 1766473498.5465834, "seed_group": "0x039C76D", "username": "medium_password_user_1", "hash_mode": "bcrypt", "protection_flags": null, "result": "401 Invalid credentials", "latency_ms": 575.5871000001207}
{"timestamp": 1766473498.5465834, "seed_group": "0x039C76D", "username": "medium_password_user_1", "hash_mode": "bcrypt", "protection_flags": null, "result": "401 Invalid credentials", "latency_ms": 574.9368000106188}
{"timestamp": 1766473498.5465834, "seed_group": "0x039C76D", "username": "medium_password_user_2", "hash_mode": "bcrypt", "protection_flags": null, "result": "401 Invalid credentials", "latency_ms": 566.3154000067152}
{"timestamp": 1766473498.5465834, "seed_group": "0x039C76D", "username": "medium_password_user_2", "hash_mode": "bcrypt", "protection_flags": null, "result": "401 Invalid credentials", "latency_ms": 579.06489999732}
{"timestamp": 1766473498.5465834, "seed_group": "0x039C76D", "username": "medium_password_user_2", "hash_mode": "bcrypt", "protection_flags": null, "result": "401 Invalid credentials", "latency_ms": 590.3405999997631}
{"timestamp": 1766473498.5465834, "seed_group": "0x039C76D", "username": "medium_password_user_2", "hash_mode": "bcrypt", "protection_flags": null, "result": "401 Invalid credentials", "latency_ms": 585.9812999988208}
{"timestamp": 1766473498.5465834, "seed_group": "0x039C76D", "username": "medium_password_user_2", "hash_mode": "bcrypt", "protection_flags": null, "result": "401 Invalid credentials", "latency_ms": 580.6685999996262}
{"timestamp": 1766473498.5465834, "seed_group": "0x039C76D", "username": "medium_password_user_2", "hash_mode": "bcrypt", "protection_flags": null, "result": "401 Invalid credentials", "latency_ms": 575.8279000001494}
{"timestamp": 1766473498.5465834, "seed_group": "0x039C76D", "username": "medium_password_user_2", "hash_mode": "bcrypt", "protection_flags": null, "result": "401 Invalid credentials", "latency_ms": 591.6012999950908}
{"timestamp": 1766473498.5465834, "seed_group": "0x039C76D", "username": "medium_password_user_2", "hash_mode": "bcrypt", "protection_flags": null, "result": "401 Invalid credentials", "latency_ms": 604.6194999944419}
{"timestamp": 1766473498.5465834, "seed_group": "0x039C76D", "username": "medium_password_user_2", "hash_mode": "bcrypt", "protection_flags": null, "result": "401 Invalid credentials", "latency_ms": 604.8660999949789}
{"timestamp": 1766473498.5465834, "seed_group": "0x039C76D", "username": "medium_password_user_3", "hash_mode": "bcrypt", "protection_flags": null, "result": "401 Invalid credentials", "latency_ms": 591.8380999937654}
{"timestamp": 1766473498.5465834, "seed_group": "0x039C76D", "username": "medium_password_user_3", "hash_mode": "bcrypt", "protection_flags": null, "result": "401 Invalid credentials", "latency_ms": 575.2671000082046}
{"timestamp": 1766473498.5465834, "seed_group": "0x039C76D", "username": "medium_password_user_3", "hash_mode": "bcrypt", "protection_flags": null, "result": "401 Invalid credentials", "latency_ms": 592.3439000034705}
{"timestamp": 1766473498.5465834, "seed_group": "0x039C76D", "username": "medium_password_user_3", "hash_mode": "bcrypt", "protection_flags": null, "result": "401 Invalid credentials", "latency_ms": 600.4427000007126}
{"timestamp": 1766473498.5465834, "seed_group": "0x039C76D", "username": "medium_password_user_3", "hash_mode": "bcrypt", "protection_flags": null, "result": "401 Invalid credentials", "latency_ms": 593.8675999932457}
{"timestamp": 1766473498.5465834, "seed_group": "0x039C76D", "username": "medium_password_user_3", "hash_mode": "bcrypt", "protection_flags": null, "result": "401 Invalid credentials", "latency_ms": 600.0501999951666}
{"timestamp": 1766473498.5465834, "seed_group": "0x039C76D", "username": "medium_password_user_3", "hash_mode": "bcrypt", "protection_flags": null, "result": "401 Invalid credentials", "latency_ms": 604.1872999921907}
{"timestamp": 1766473498.5465834, "seed_group": "0x039C76D", "username": "medium_password_user_3", "hash_mode": "bcrypt", "protection_flags": null, "result": "401 Invalid credentials", "latency_ms": 587.6342999981716}
{"timestamp": 1766473498.5465834, "seed_group": "0x039C76D", "username": "medium_password_user_3", "hash_mode": "bcrypt", "protection_flags": null, "result": "401 Invalid credentials", "latency_ms": 603.833900007885}
{"timestamp": 1766473498.5465834, "seed_group": "0x039C76D", "username": "medium_password_user_4", "hash_mode": "bcrypt", "protection_flags": null, "result": "401 Invalid credentials", "latency_ms": 578.4252000012202}
{"timestamp": 1766473498.5465834, "seed_group": "0x039C76D", "username": "medium_password_user_4", "hash_mode": "bcrypt", "protection_flags": null, "result": "401 Invalid credentials", "latency_ms": 613.8793999998597}
{"timestamp": 1766473498.5465834, "seed_group": "0x039C76D", "username": "medium_password_user_4", "hash_mode": "bcrypt", "protection_flags": null, "result": "401 Invalid credentials", "latency_ms": 610.0928999949247}
{"timestamp": 1766473498.5465834, "seed_group": "0x039C76D", "username": "medium_password_user_4", "hash_mode": "bcrypt", "protection_flags": null, "result": "401 Invalid credentials", "latency_ms": 610.0980999908643}
{"timestamp": 1766473498.5465834, "seed_group": "0x039C76D", "username": "medium_password_user_4", "hash_mode": "bcrypt", "protection_flags": null, "result": "401 Invalid credentials", "latency_ms": 578.1113999983063}
{"timestamp": 1766473498.5465834, "seed_group": "0x039C76D", "username": "medium_password_user_4", "hash_mode": "bcrypt", "protection_flags": null, "result": "401 Invalid credentials", "latency_ms": 571.3857999944594}
{"timestamp": 1766473498.5465834, "seed_group": "0x039C76D", "username": "medium_password_user_4", "hash_mode": "bcrypt", "protection_flags": null, "result": "401 Invalid credentials", "latency_ms": 587.4460999912117}
{"timestamp": 1766473498.5465834, "seed_group": "0x039C76D", "username": "medium_password_user_4", "hash_mode": "bcrypt", "protection_flags": null, "result": "401 Invalid credentials", "latency_ms": 610.0491999968654}
{"timestamp": 1766473498.5465834, "seed_group": "0x039C76D", "username": "medium_password_user_4", "hash_mode": "bcrypt", "protection_flags": null, "result": "401 Invalid credentials", "latency_ms": 570.8398999995552}
{"timestamp": 1766473498.5465834, "seed_group": "0x039C76D", "username": "medium_password_user_5", "hash_mode": "bcrypt", "protection_flags": null, "result": "401 Invalid credentials", "latency_ms": 609.6601000026567}
{"timestamp": 1766473498.5465834, "seed_group": "0x039C76D", "username": "medium_password_user_5", "hash_mode": "bcrypt", "protection_flags": null, "result": "401 Invalid credentials", "latency_ms": 571.2778000015533}
{"timestamp": 1766473498.5465834, "seed_group": "0x039C76D", "username": "medium_password_user_5", "hash_mode": "bcrypt", "protection_flags": null, "result": "401 Invalid credentials", "latency_ms": 573.8541999890003}
{"timestamp": 1766473498.5465834, "seed_group": "0x039C76D", "username": "medium_password_user_5", "hash_mode": "bcrypt", "protection_flags": null, "result": "401 Invalid credentials", "latency_ms": 575.5344000062905}
{"timestamp": 1766473498.5465834, "seed_group": "0x039C76D", "username": "medium_password_user_5", "hash_mode": "bcrypt", "protection_flags": null, "result": "401 Invalid credentials", "latency_ms": 600.9622999990825}
{"timestamp": 1766473498.5465834, "seed_group": "0x039C76D", "username": "medium_password_user_5", "hash_mode": "bcrypt", "protection_flags": null, "result": "401 Invalid credentials", "latency_ms": 597.741199992015}
{"timestamp": 1766473498.5465834, "seed_group": "0x039C76D", "username": "medium_password_user_5", "hash_mode": "bcrypt", "protection_flags": null, "result": "401 Invalid credentials", "latency_ms": 585.9100999950897}
{"timestamp": 1766473498.5465834, "seed_group": "0x039C76D", "username": "medium_password_user_5", "hash_mode": "bcrypt", "protection_flags": null, "result": "401 Invalid credentials", "latency_ms": 590.618899994297}
{"timestamp": 1766473498.5465834, "seed_group": "0x039C76D", "username": "medium_password_user_5", "hash_mode": "bcrypt", "protection_flags": null, "result": "401 Invalid credentials", "latency_ms": 578.9748999959556}
{"timestamp": 1766473498.5465834, "seed_group": "0x039C76D", "username": "medium_password_user_6", "hash_mode": "bcrypt", "protection_flags": null, "result": "401 Invalid credentials", "latency_ms": 608.8547999970615}
{"timestamp": 1766473498.5465834, "seed_group": "0x039C76D", "username": "medium_password_user_6", "hash_mode": "bcrypt", "protection_flags": null, "result": "401 Invalid credentials", "latency_ms": 575.6042000139132}
{"timestamp": 1766473498.5465834, "seed_group": "0x039C76D", "username": "medium_password_user_6", "hash_mode": "bcrypt", "protection_flags": null, "result": "401 Invalid credentials", "latency_ms": 603.8671999995131}
{"timestamp": 1766473498.5465834, "seed_group": "0x039C76D", "username": "medium_password_user_6", "hash_mode": "bcrypt", "protection_flags": null, "result": "401 Invalid credentials", "latency_ms": 600.7906000013463}
{"timestamp": 1766473498.5465834, "seed_group": "0x039C76D", "username": "medium_password_user_6", "hash_mode": "bcrypt", "protection_flags": null, "result": "401 Invalid credentials", "latency_ms": 587.6208999980008}
{"timestamp": 1766473498.5465834, "seed_group": "0x039C76D", "username": "medium_password_user_6", "hash_mode": "bcrypt", "protection_flags": null, "result": "401 Invalid credentials", "latency_ms": 583.7998999923002}
{"timestamp": 1766473498.5465834, "seed_group": "0x039C76D", "username": "medium_password_user_6", "hash_mode": "bcrypt", "protection_flags": null, "result": "401 Invalid credentials", "latency_ms": 573.6639999959152}
{"timestamp": 1766473498.5465834, "seed_group": "0x039C76D", "username": "medium_password_user_6", "hash_mode": "bcrypt", "protection_flags": null, "result": "401 Invalid credentials", "latency_ms": 580.3911999973934}
{"timestamp": 1766473498.5465834, "seed_group": "0x039C76D", "username": "medium_password_user_6", "hash_mode": "bcrypt", "protection_flags": null, "result": "401 Invalid credentials", "latency_ms": 582.2860000043875}
{"timestamp": 1766473498.5465834, "seed_group": "0x039C76D", "username": "medium_password_user_7", "hash_mode": "bcrypt", "protection_flags": null, "result": "401 Invalid credentials", "latency_ms": 585.8868999930564}
{"timestamp": 1766473498.5465834, "seed_group": "0x039C76D", "username": "medium_password_user_7", "hash_mode": "bcrypt", "protection_flags": null, "result": "401 Invalid credentials", "latency_ms": 578.7383999995654}
{"timestamp": 1766473498.5465834, "seed_group": "0x039C76D", "username": "medium_password_user_7", "hash_mode": "bcrypt", "protection_flags": null, "result": "401 Invalid credentials", "latency_ms": 578.7617000023602}
{"timestamp": 1766473498.5465834, "seed_group": "0x039C76D", "username": "medium_password_user_7", "hash_mode": "bcrypt", "protection_flags": null, "result": "401 Invalid credentials", "latency_ms": 576.2089000054402}
{"timestamp": 1766473498.5465834, "seed_group": "0x039C76D", "username": "medium_password_user_7", "hash_mode": "bcrypt", "protection_flags": null, "result": "401 Invalid credentials", "latency_ms": 573.9143000100739}
{"timestamp": 1766473498.5465834, "seed_group": "0x039C76D", "username": "medium_password_user_7", "hash_mode": "bcrypt", "protection_flags": null, "result": "401 Invalid credentials", "latency_ms": 566.6807999950834}
{"timestamp": 1766473498.5465834, "seed_group": "0x039C76D", "username": "medium_password_user_7", "hash_mode": "bcrypt", "protection_flags": null, "result": "401 Invalid credentials", "latency_ms": 593.2671000045957}
{"timestamp": 1766473498.5465834, "seed_group": "0x039C76D", "username": "medium_password_user_7", "hash_mode": "bcrypt", "protection_flags": null, "result": "401 Invalid credentials", "latency_ms": 580.7503999967594}
{"timestamp": 1766473498.5465834, "seed_group": "0x039C76D", "username": "medium_password_user_7", "hash_mode": "bcrypt", "protection_flags": null, "result": "401 Invalid credentials", "latency_ms": 590.16540000448}
{"timestamp": 1766473498.5465834, "seed_group": "0x039C76D", "username": "medium_password_user_8", "hash_mode": "bcrypt", "protection_flags": null, "result": "401 Invalid credentials", "latency_ms": 598.3330000017304}
{"timestamp": 1766473498.5465834, "seed_group": "0x039C76D", "username": "medium_password_user_8", "hash_mode": "bcrypt", "protection_flags": null, "result": "401 Invalid credentials", "latency_ms": 585.5018000002019}
{"timestamp": 1766473498.5465834, "seed_group": "0x039C76D", "username": "medium_password_user_8", "hash_mode": "bcrypt", "protection_flags": null, "result": "401 Invalid credentials", "latency_ms": 590.0211999978637}
{"timestamp": 1766473498.5465834, "seed_group": "0x039C76D", "username": "medium_password_user_8", "hash_mode": "bcrypt", "protection_flags": null, "result": "401 Invalid credentials", "latency_ms": 573.9663999993354}
{"timestamp": 1766473498.5465834, "seed_group": "0x039C76D", "username": "medium_password_user_8", "hash_mode": "bcrypt", "protection_flags": null, "result": "401 Invalid credentials", "latency_ms": 582.3164000030374}
{"timestamp": 1766473498.5465834, "seed_group": "0x039C76D", "username": "medium_password_user_8", "hash_mode": "bcrypt", "protection_flags": null, "result": "401 Invalid credentials", "latency_ms": 571.8117000069469}
{"timestamp": 1766473498.5465834, "seed_group": "0x039C76D", "username": "medium_password_user_8", "hash_mode": "bcrypt", "protection_flags": null, "result": "401 Invalid credentials", "latency_ms": 583.9265000104206}
{"timestamp": 1766473498.5465834, "seed_group": "0x039C76D", "username": "medium_password_user_8", "hash_mode": "bcrypt", "protection_flags": null, "result": "401 Invalid credentials", "latency_ms": 588.6628000007477}
{"timestamp": 1766473498.5465834, "seed_group": "0x039C76D", "username": "medium_password_user_8", "hash_mode": "bcrypt", "protection_flags": null, "result": "401 Invalid credentials", "latency_ms": 586.8462999933399}
{"timestamp": 1766473498.5465834, "seed_group": "0x039C76D", "username": "medium_password_user_9", "hash_mode": "bcrypt", "protection_flags": null, "result": "401 Invalid credentials", "latency_ms": 592.9143999965163}
{"timestamp": 1766473498.5465834, "seed_group": "0x039C76D", "username": "medium_password_user_9", "hash_mode": "bcrypt", "protection_flags": null, "result": "401 Invalid credentials", "latency_ms": 587.2328999976162}
{"timestamp": 1766473498.5465834, "seed_group": "0x039C76D", "username": "medium_password_user_9", "hash_mode": "bcrypt", "protection_flags": null, "result": "401 Invalid credentials", "latency_ms": 575.2983999991557}
{"timestamp": 1766473498.5465834, "seed_group": "0x039C76D", "username": "medium_password_user_9", "hash_mode": "bcrypt", "protection_flags": null, "result": "401 Invalid credentials", "latency_ms": 596.9545999978436}
{"timestamp": 1766473498.5465834, "seed_group": "0x039C76D", "username": "medium_password_user_9", "hash_mode": "bcrypt", "protection_flags": null, "result": "401 Invalid credentials", "latency_ms": 592.7969999902416}
{"timestamp": 1766473498.5465834, "seed_group": "0x039C76D", "username": "medium_password_user_9", "hash_mode": "bcrypt", "protection_flags": null, "result": "401 Invalid credentials", "latency_ms": 572.0450999942841}
{"timestamp": 1766473498.5465834, "seed_group": "0x039C76D", "username": "medium_password_user_9", "hash_mode": "bcrypt", "protection_flags": null, "result": "401 Invalid credentials", "latency_ms": 587.5647000066238}
{"timestamp": 1766473498.5465834, "seed_group": "0x039C76D", "username": "medium_password_user_9", "hash_mode": "bcrypt", "protection_flags": null, "result": "401 Invalid credentials", "latency_ms": 590.0017999956617}
{"timestamp": 1766473498.5465834, "seed_group": "0x039C76D", "username": "medium_password_user_9", "hash_mode": "bcrypt", "protection_flags": null, "result": "401 Invalid credentials", "latency_ms": 595.4791000112891}
{"timestamp": 1766473498.5465834, "seed_group": "0x039C76D", "username": "medium_password_user_10", "hash_mode": "bcrypt", "protection_flags": null, "result": "401 Invalid credentials", "latency_ms": 578.2897000026423}
{"timestamp": 1766473498.5465834, "seed_group": "0x039C76D", "username": "medium_password_user_10", "hash_mode": "bcrypt", "protection_flags": null, "result": "401 Invalid credentials", "latency_ms": 590.8644000010099}
{"timestamp": 1766473498.5465834, "seed_group": "0x039C76D", "username": "medium_password_user_10", "hash_mode": "bcrypt", "protection_flags": null, "result": "401 Invalid credentials", "latency_ms": 585.7132000091951}
{"timestamp": 1766473498.5465834, "seed_group": "0x039C76D", "username": "medium_password_user_10", "hash_mode": "bcrypt", "protection_flags": null, "result": "401 Invalid credentials", "latency_ms": 611.6451999987476}
{"timestamp": 1766473498.5465834, "seed_group": "0x039C76D", "username": "medium_password_user_10", "hash_mode": "bcrypt", "protection_flags": null, "result": "401 Invalid credentials", "latency_ms": 578.0376999900909}
{"timestamp": 1766473498.5465834, "seed_group": "0x039C76D", "username": "medium_password_user_10", "hash_mode": "bcrypt", "protection_flags": null, "result": "401 Invalid credentials", "latency_ms": 572.8631999954814}
{"timestamp": 1766473498.5465834, "seed_group": "0x039C76D", "username": "medium_password_user_10", "hash_mode": "bcrypt", "protection_flags": null, "result": "401 Invalid credentials", "latency_ms": 568.8289999961853}
{"timestamp": 1766473498.5465834, "seed_group": "0x039C76D", "username": "medium_password_user_10", "hash_mode": "bcrypt", "protection_flags": null, "result": "401 Invalid credentials", "latency_ms": 596.252999996068}
{"timestamp": 1766473498.5465834, "seed_group": "0x039C76D", "username": "medium_password_user_10", "hash_mode": "bcrypt", "protection_flags": null, "result": "401 Invalid credentials", "latency_ms": 574.0867999993498}
{"timestamp": 1766473498.5465834, "seed_group": "0x039C76D", "username": "strong_password_user_1", "hash_mode": "bcrypt", "protection_flags": null, "result": "401 Invalid credentials", "latency_ms": 585.2152000006754}
{"timestamp": 1766473498.5465834, "seed_group": "0x039C76D", "username": "strong_password_user_1", "hash_mode": "bcrypt", "protection_flags": null, "result": "401 Invalid credentials", "latency_ms": 629.5054999936838}
{"timestamp": 1766473498.5465834, "seed_group": "0x039C76D", "username": "strong_password_user_1", "hash_mode": "bcrypt", "protection_flags": null, "result": "401 Invalid credentials", "latency_ms": 567.4203000089619}
{"timestamp": 1766473498.5465834, "seed_group": "0x039C76D", "username": "strong_password_user_1", "hash_mode": "bcrypt", "protection_flags": null, "result": "401 Invalid credentials", "latency_ms": 584.6563000086462}
{"timestamp": 1766473498.5465834, "seed_group": "0x039C76D", "username": "strong_password_user_1", "hash_mode": "bcrypt", "protection_flags": null, "result": "401 Invalid credentials", "latency_ms": 610.4237000108697}
{"timestamp": 1766473498.5465834, "seed_group": "0x039C76D", "username": "strong_password_user_1", "hash_mode": "bcrypt", "protection_flags": null, "result": "401 Invalid credentials", "latency_ms": 575.4771000065375}
{"timestamp": 1766473498.5465834, "seed_group": "0x039C76D", "username": "strong_password_user_1", "hash_mode": "bcrypt", "protection_flags": null, "result": "401 Invalid credentials", "latency_ms": 614.0567999973428}
{"timestamp": 1766473498.5465834, "seed_group": "0x039C76D", "username": "strong_password_user_1", "hash_mode": "bcrypt", "protection_flags": null, "result": "401 Invalid credentials", "latency_ms": 584.9920999899041}
{"timestamp": 1766473498.5465834, "seed_group": "0x039C76D", "username": "strong_password_user_1", "hash_mode": "bcrypt", "protection_flags": null, "result": "401 Invalid credentials", "latency_ms": 592.3769999935757}
{"timestamp": 1766473498.5465834, "seed_group": "0x039C76D", "username": "strong_password_user_2", "hash_mode": "bcrypt", "protection_flags": null, "result": "401 Invalid credentials", "latency_ms": 597.9674999980489}
{"timestamp": 1766473498.5465834, "seed_group": "0x039C76D", "username": "strong_password_user_2", "hash_mode": "bcrypt", "protection_flags": null, "result": "401 Invalid credentials", "latency_ms": 576.2745999963954}
{"timestamp": 1766473498.5465834, "seed_group": "0x039C76D", "username": "strong_password_user_2", "hash_mode": "bcrypt", "protection_flags": null, "result": "401 Invalid credentials", "latency_ms": 599.3417999998201}
{"timestamp": 1766473498.5465834, "seed_group": "0x039C76D", "username": "strong_password_user_2", "hash_mode": "bcrypt", "protection_flags": null, "result": "401 Invalid credentials", "latency_ms": 576.5537000115728}
{"timestamp": 1766473498.5465834, "seed_group": "0x039C76D", "username": "strong_password_user_2", "hash_mode": "bcrypt", "protection_flags": null, "result": "401 Invalid credentials", "latency_ms": 594.2802999925334}
{"timestamp": 1766473498.5465834, "seed_group": "0x039C76D", "username": "strong_password_user_2", "hash_mode": "bcrypt", "protection_flags": null, "result": "401 Invalid credentials", "latency_ms": 569.3923000071663}
{"timestamp": 1766473498.5465834, "seed_group": "0x039C76D", "username": "strong_password_user_2", "hash_mode": "bcrypt", "protection_flags": null, "result": "401 Invalid credentials", "latency_ms": 586.3564000028418}
{"timestamp": 1766473498.5465834, "seed_group": "0x039C76D", "username": "strong_password_user_2", "hash_mode": "bcrypt", "protection_flags": null, "result": "401 Invalid credentials", "latency_ms": 575.6661000050372}
{"timestamp": 1766473498.5465834, "seed_group": "0x039C76D", "username": "strong_password_user_2", "hash_mode": "bcrypt", "protection_flags": null, "result": "401 Invalid credentials", "latency_ms": 594.8758000013186}
{"timestamp": 1766473498.5465834, "seed_group": "0x039C76D", "username": "strong_password_user_3", "hash_mode": "bcrypt", "protection_flags": null, "result": "401 Invalid credentials", "latency_ms": 590.4926000075648}
{"timestamp": 1766473498.5465834, "seed_group": "0x039C76D", "username": "strong_password_user_3", "hash_mode": "bcrypt", "protection_flags": null, "result": "401 Invalid credentials", "latency_ms": 581.5089999960037}
{"timestamp": 1766473498.5465834, "seed_group": "0x039C76D", "username": "strong_password_user_3", "hash_mode": "bcrypt", "protection_flags": null, "result": "401 Invalid credentials", "latency_ms": 621.5891000028932}
{"timestamp": 1766473498.5465834, "seed_group": "0x039C76D", "username": "strong_password_user_3", "hash_mode": "bcrypt", "protection_flags": null, "result": "401 Invalid credentials", "latency_ms": 593.3631999942008}
{"timestamp": 1766473498.5465834, "seed_group": "0x039C76D", "username": "strong_password_user_3", "hash_mode": "bcrypt", "protection_flags": null, "result": "401 Invalid credentials", "latency_ms": 599.6265000139829}
{"timestamp": 1766473498.5465834, "seed_group": "0x039C76D", "username": "strong_password_user_3", "hash_mode": "bcrypt", "protection_flags": null, "result": "401 Invalid credentials", "latency_ms": 577.8977000009036}
{"timestamp": 1766473498.5465834, "seed_group": "0x039C76D", "username": "strong_password_user_3", "hash_mode": "bcrypt", "protection_flags": null, "result": "401 Invalid credentials", "latency_ms": 614.6880000014789}
{"timestamp": 1766473498.5465834, "seed_group": "0x039C76D", "username": "strong_password_user_3", "hash_mode": "bcrypt", "protection_flags": null, "result": "401 Invalid credentials", "latency_ms": 571.8683000013698}
{"timestamp": 1766473498.5465834, "seed_group": "0x039C76D", "username": "strong_password_user_3", "hash_mode": "bcrypt", "protection_flags": null, "result": "401 Invalid credentials", "latency_ms": 571.2638000113657}
{"timestamp": 1766473498.5465834, "seed_group": "0x039C76D", "username": "strong_password_user_4", "hash_mode": "bcrypt", "protection_flags": null, "result": "401 Invalid credentials", "latency_ms": 598.5302000044612}
{"timestamp": 1766473498.5465834, "seed_group": "0x039C76D", "username": "strong_password_user_4", "hash_mode": "bcrypt", "protection_flags": null, "result": "401 Invalid credentials", "latency_ms": 591.1039000056917}
{"timestamp": 1766473498.5465834, "seed_group": "0x039C76D", "username": "strong_password_user_4", "hash_mode": "bcrypt", "protection_flags": null, "result": "401 Invalid credentials", "latency_ms": 625.3102000046056}
{"timestamp": 1766473498.5465834, "seed_group": "0x039C76D", "username": "strong_password_user_4", "hash_mode": "bcrypt", "protection_flags": null, "result": "401 Invalid credentials", "latency_ms": 586.1560000048485}
{"timestamp": 1766473498.5465834, "seed_group": "0x039C76D", "username": "strong_password_user_4", "hash_mode": "bcrypt", "protection_flags": null, "result": "401 Invalid credentials", "latency_ms": 566.5200000075856}
{"timestamp": 1766473498.5465834, "seed_group": "0x039C76D", "username": "strong_password_user_4", "hash_mode": "bcrypt", "protection_flags": null, "result": "401 Invalid credentials", "latency_ms": 578.725300001679}
{"timestamp": 1766473498.5465834, "seed_group": "0x039C76D", "username": "strong_password_user_4", "hash_mode": "bcrypt", "protection_flags": null, "result": "401 Invalid credentials", "latency_ms": 591.3066000066465}
{"timestamp": 1766473498.5465834, "seed_group": "0x039C76D", "username": "strong_password_user_4", "hash_mode": "bcrypt", "protection_flags": null, "result": "401 Invalid credentials", "latency_ms": 588.9681999979075}
{"timestamp": 1766473498.5465834, "seed_group": "0x039C76D", "username": "strong_password_user_4", "hash_mode": "bcrypt", "protection_flags": null, "result": "401 Invalid credentials", "latency_ms": 584.6516000019619}
{"timestamp": 1766473498.5465834, "seed_group": "0x039C76D", "username": "strong_password_user_5", "hash_mode": "bcrypt", "protection_flags": null, "result": "401 Invalid credentials", "latency_ms": 595.370199996978}
{"timestamp": 1766473498.5465834, "seed_group": "0x039C76D", "username": "strong_password_user_5", "hash_mode": "bcrypt", "protection_flags": null, "result": "401 Invalid credentials", "latency_ms": 585.4983999888645}
{"timestamp": 1766473498.5465834, "seed_group": "0x039C76D", "username": "strong_password_user_5", "hash_mode": "bcrypt", "protection_flags": null, "result": "401 Invalid credentials", "latency_ms": 598.9145999919856}
{"timestamp": 1766473498.5465834, "seed_group": "0x039C76D", "username": "strong_password_user_5", "hash_mode": "bcrypt", "protection_flags": null, "result": "401 Invalid credentials", "latency_ms": 595.7000999915181}
{"timestamp": 1766473498.5465834, "seed_group": "0x039C76D", "username": "strong_password_user_5", "hash_mode": "bcrypt", "protection_flags": null, "result": "401 Invalid credentials", "latency_ms": 595.6130999984453}
{"timestamp": 1766473498.5465834, "seed_group": "0x039C76D", "username": "strong_password_user_5", "hash_mode": "bcrypt", "protection_flags": null, "result": "401 Invalid credentials", "latency_ms": 571.5426999959163}
{"timestamp": 1766473498.5465834, "seed_group": "0x039C76D", "username": "strong_password_user_5", "hash_mode": "bcrypt", "protection_flags": null, "result": "401 Invalid credentials", "latency_ms": 580.378099999507}
{"timestamp": 1766473498.5465834, "seed_group": "0x039C76D", "username": "strong_password_user_5", "hash_mode": "bcrypt", "protection_flags": null, "result": "401 Invalid credentials", "latency_ms": 586.3782000087667}
{"timestamp": 1766473498.5465834, "seed_group": "0x039C76D", "username": "strong_password_user_5", "hash_mode": "bcrypt", "protection_flags": null, "result": "401 Invalid credentials", "latency_ms": 579.4397999998182}
{"timestamp": 1766473498.5465834, "seed_group": "0x039C76D", "username": "strong_password_user_6", "hash_mode": "bcrypt", "protection_flags": null, "result": "401 Invalid credentials", "latency_ms": 583.41510000173}
{"timestamp": 1766473498.5465834, "seed_group": "0x039C76D", "username": "strong_password_user_6", "hash_mode": "bcrypt", "protection_flags": null, "result": "401 Invalid credentials", "latency_ms": 599.4408999977168}
{"timestamp": 1766473498.5465834, "seed_group": "0x039C76D", "username": "strong_password_user_6", "hash_mode": "bcrypt", "protection_flags": null, "result": "401 Invalid credentials", "latency_ms": 573.2313000044087}
{"timestamp": 1766473498.5465834, "seed_group": "0x039C76D", "username": "strong_password_user_6", "hash_mode": "bcrypt", "protection_flags": null, "result": "401 Invalid credentials", "latency_ms": 594.2922999965958}
{"timestamp": 1766473498.5465834, "seed_group": "0x039C76D", "username": "strong_password_user_6", "hash_mode": "bcrypt", "protection_flags": null, "result": "401 Invalid credentials", "latency_ms": 583.5499999957392}
{"timestamp": 1766473498.5465834, "seed_group": "0x039C76D", "username": "strong_password_user_6", "hash_mode": "bcrypt", "protection_flags": null, "result": "401 Invalid credentials", "latency_ms": 587.9421999998158}
{"timestamp": 1766473498.5465834, "seed_group": "0x039C76D", "username": "strong_password_user_6", "hash_mode": "bcrypt", "protection_flags": null, "result": "401 Invalid credentials", "latency_ms": 573.7577999971109}
{"timestamp": 1766473498.5465834, "seed_group": "0x039C76D", "username": "strong_password_user_6", "hash_mode": "bcrypt", "protection_flags": null, "result": "401 Invalid credentials", "latency_ms": 609.9886999872979}
{"timestamp": 1766473498.5465834, "seed_group": "0x039C76D", "username": "strong_password_user_6", "hash_mode": "bcrypt", "protection_flags": null, "result": "401 Invalid credentials", "latency_ms": 598.3848000032594}
{"timestamp": 1766473498.5465834, "seed_group": "0x039C76D", "username": "strong_password_user_7", "hash_mode": "bcrypt", "protection_flags": null, "result": "401 Invalid credentials", "latency_ms": 602.1446999948239}
{"timestamp": 1766473498.5465834, "seed_group": "0x039C76D", "username": "strong_password_user_7", "hash_mode": "bcrypt", "protection_flags": null, "result": "401 Invalid credentials", "latency_ms": 623.6797000019578}
{"timestamp": 1766473498.5465834, "seed_group": "0x039C76D", "username": "strong_password_user_7", "hash_mode": "bcrypt", "protection_flags": null, "result": "401 Invalid credentials", "latency_ms": 581.982000003336}
{"timestamp": 1766473498.5465834, "seed_group": "0x039C76D", "username": "strong_password_user_7", "hash_mode": "bcrypt", "protection_flags": null, "result": "401 Invalid credentials", "latency_ms": 603.7759000028018}
{"timestamp": 1766473498.5465834, "seed_group": "0x039C76D", "username": "strong_password_user_7", "hash_mode": "bcrypt", "protection_flags": null, "result": "401 Invalid credentials", "latency_ms": 614.2485999880591}
{"timestamp": 1766473498.5465834, "seed_group": "0x039C76D", "username": "strong_password_user_7", "hash_mode": "bcrypt", "protection_flags": null, "result": "401 Invalid credentials", "latency_ms": 594.7301999985939}
{"timestamp": 1766473498.5465834, "seed_group": "0x039C76D", "username": "strong_password_user_7", "hash_mode": "bcrypt", "protection_flags": null, "result": "401 Invalid credentials", "latency_ms": 612.9401000071084}
{"timestamp": 1766473498.5465834, "seed_group": "0x039C76D", "username": "strong_password_user_7", "hash_mode": "bcrypt", "protection_flags": null, "result": "401 Invalid credentials", "latency_ms": 592.9325000033714}
{"timestamp": 1766473498.5465834, "seed_group": "0x039C76D", "username": "strong_password_user_7", "hash_mode": "bcrypt", "protection_flags": null, "result": "401 Invalid credentials", "latency_ms": 620.1625999965472}
{"timestamp": 1766473498.5465834, "seed_group": "0x039C76D", "username": "strong_password_user_8", "hash_mode": "bcrypt", "protection_flags": null, "result": "401 Invalid credentials", "latency_ms": 598.2198999990942}
{"timestamp": 1766473498.5465834, "seed_group": "0x039C76D", "username": "strong_password_user_8", "hash_mode": "bcrypt", "protection_flags": null, "result": "401 Invalid credentials", "latency_ms": 574.7152999974787}
{"timestamp": 1766473498.5465834, "seed_group": "0x039C76D", "username": "strong_password_user_8", "hash_mode": "bcrypt", "protection_flags": null, "result": "401 Invalid credentials", "latency_ms": 581.8238999927416}
{"timestamp": 1766473498.5465834, "seed_group": "0x039C76D", "username": "strong_password_user_8", "hash_mode": "bcrypt", "protection_flags": null, "result": "401 Invalid credentials", "latency_ms": 638.5653000033926}
{"timestamp": 1766473498.5465834, "seed_group": "0x039C76D", "username": "strong_password_user_8", "hash_mode": "bcrypt", "protection_flags": null, "result": "401 Invalid credentials", "latency_ms": 620.5439000041224}
{"timestamp": 1766473498.5465834, "seed_group": "0x039C76D", "username": "strong_password_user_8", "hash_mode": "bcrypt", "protection_flags": null, "result": "401 Invalid credentials", "latency_ms": 590.2849999984028}
{"timestamp": 1766473498.5465834, "seed_group": "0x039C76D", "username": "strong_password_user_8", "hash_mode": "bcrypt", "protection_flags": null, "result": "401 Invalid credentials", "latency_ms": 584.7120999969775}
{"timestamp": 1766473498.5465834, "seed_group": "0x039C76D", "username": "strong_password_user_8", "hash_mode": "bcrypt", "protection_flags": null, "result": "401 Invalid credentials", "latency_ms": 602.9443000006722}
{"timestamp": 1766473498.5465834, "seed_group": "0x039C76D", "username": "strong_password_user_8", "hash_mode": "bcrypt", "protection_flags": null, "result": "401 Invalid credentials", "latency_ms": 595.7779999880586}
{"timestamp": 1766473498.5465834, "seed_group": "0x039C76D", "username": "strong_password_user_9", "hash_mode": "bcrypt", "protection_flags": null, "result": "401 Invalid credentials", "latency_ms": 596.778599996469}
{"timestamp": 1766473498.5465834, "seed_group": "0x039C76D", "username": "strong_password_user_9", "hash_mode": "bcrypt", "protection_flags": null, "result": "401 Invalid credentials", "latency_ms": 578.872499987483}
{"timestamp": 1766473498.5465834, "seed_group": "0x039C76D", "username": "strong_password_user_9", "hash_mode": "bcrypt", "protection_flags": null, "result": "401 Invalid credentials", "latency_ms": 590.5403000069782}
{"timestamp": 1766473498.5465834, "seed_group": "0x039C76D", "username": "strong_password_user_9", "hash_mode": "bcrypt", "protection_flags": null, "result": "401 Invalid credentials", "latency_ms": 571.2203000002773}
{"timestamp": 1766473498.5465834, "seed_group": "0x039C76D", "username": "strong_password_user_9", "hash_mode": "bcrypt", "protection_flags": null, "result": "401 Invalid credentials", "latency_ms": 583.4661999979289}
{"timestamp": 1766473498.5465834, "seed_group": "0x039C76D", "username": "strong_password_user_9", "hash_mode": "bcrypt", "protection_flags": null, "result": "401 Invalid credentials", "latency_ms": 592.0708999910858}
{"timestamp": 1766473498.5465834, "seed_group": "0x039C76D", "username": "strong_password_user_9", "hash_mode": "bcrypt", "protection_flags": null, "result": "401 Invalid credentials", "latency_ms": 605.6257000018377}
{"timestamp": 1766473498.5465834, "seed_group": "0x039C76D", "username": "strong_password_user_9", "hash_mode": "bcrypt", "protection_flags": null, "result": "401 Invalid credentials", "latency_ms": 578.4404000005452}
{"timestamp": 1766473498.5465834, "seed_group": "0x039C76D", "username": "strong_password_user_9", "hash_mode": "bcrypt", "protection_flags": null, "result": "401 Invalid credentials", "latency_ms": 646.2774999963585}
{"timestamp": 1766473498.5465834, "seed_group": "0x039C76D", "username": "strong_password_user_10", "hash_mode": "bcrypt", "protection_flags": null, "result": "401 Invalid credentials", "latency_ms": 591.9355999940308}
{"timestamp": 1766473498.5465834, "seed_group": "0x039C76D", "username": "strong_password_user_10", "hash_mode": "bcrypt", "protection_flags": null, "result": "401 Invalid credentials", "latency_ms": 614.8993999959202}
{"timestamp": 1766473498.5465834, "seed_group": "0x039C76D", "username": "strong_password_user_10", "hash_mode": "bcrypt", "protection_flags": null, "result": "401 Invalid credentials", "latency_ms": 577.3723000020254}
{"timestamp": 1766473498.5465834, "seed_group": "0x039C76D", "username": "strong_password_user_10", "hash_mode": "bcrypt", "protection_flags": null, "result": "401 Invalid credentials", "latency_ms": 600.1917999965372}
{"timestamp": 1766473498.5465834, "seed_group": "0x039C76D", "username": "strong_password_user_10", "hash_mode": "bcrypt", "protection_flags": null, "result": "401 Invalid credentials", "latency_ms": 618.1832000002032}
{"timestamp": 1766473498.5465834, "seed_group": "0x039C76D", "username": "strong_password_user_10", "hash_mode": "bcrypt", "protection_flags": null, "result": "401 Invalid credentials", "latency_ms": 597.3394000029657}
{"timestamp": 1766473498.5465834, "seed_group": "0x039C76D", "username": "strong_password_user_10", "hash_mode": "bcrypt", "protection_flags": null, "result": "401 Invalid credentials", "latency_ms": 605.9621000022162}
{"timestamp": 1766473498.5465834, "seed_group": "0x039C76D", "username": "strong_password_user_10", "hash_mode": "bcrypt", "protection_flags": null, "result": "401 Invalid credentials", "latency_ms": 587.2893000050681}
{"timestamp": 1766473498.5465834, "seed_group": "0x039C76D", "username": "strong_password_user_10", "hash_mode": "bcrypt", "protection_flags": null, "result": "401 Invalid credentials", "latency_ms": 583.9746999990894}
